GAS LISTING C:\Users\zanil\AppData\Local\Temp\ccRhSw4e.s 			page 1


   1              		.file	"fstat.c"
   2              		.option nopic
   3              		.attribute arch, "rv32i2p0_m2p0_a2p0_c2p0"
   4              		.attribute unaligned_access, 0
   5              		.attribute stack_align, 16
   6              		.text
   7              	.Ltext0:
   8              		.cfi_sections	.debug_frame
   9              		.section	.text._fstat,"ax",@progbits
  10              		.align	1
  11              		.globl	_fstat
  13              	_fstat:
  14              	.LFB1:
  15              		.file 1 "./../../firmware/RISCV/stubs/fstat.c"
   1:./../../firmware/RISCV/stubs/fstat.c **** /* See LICENSE of license details. */
   2:./../../firmware/RISCV/stubs/fstat.c **** 
   3:./../../firmware/RISCV/stubs/fstat.c **** #include <errno.h>
   4:./../../firmware/RISCV/stubs/fstat.c **** #include <unistd.h>
   5:./../../firmware/RISCV/stubs/fstat.c **** #include <sys/stat.h>
   6:./../../firmware/RISCV/stubs/fstat.c **** #include "stub.h"
   7:./../../firmware/RISCV/stubs/fstat.c **** 
   8:./../../firmware/RISCV/stubs/fstat.c **** int _fstat(int fd, struct stat* st)
   9:./../../firmware/RISCV/stubs/fstat.c **** {
  16              		.loc 1 9 1
  17              		.cfi_startproc
  18              	.LVL0:
  10:./../../firmware/RISCV/stubs/fstat.c ****   if (isatty(fd)) {
  19              		.loc 1 10 3
   9:./../../firmware/RISCV/stubs/fstat.c ****   if (isatty(fd)) {
  20              		.loc 1 9 1 is_stmt 0
  21 0000 0111     		addi	sp,sp,-32
  22              	.LCFI0:
  23              		.cfi_def_cfa_offset 32
  24 0002 06CE     		sw	ra,28(sp)
  25              		.cfi_offset 1, -4
   9:./../../firmware/RISCV/stubs/fstat.c ****   if (isatty(fd)) {
  26              		.loc 1 9 1
  27 0004 2EC6     		sw	a1,12(sp)
  28              		.loc 1 10 7
  29 0006 97000000 		call	isatty
  29      E7800000 
  30              	.LVL1:
  31              		.loc 1 10 6
  32 000e 01C9     		beq	a0,zero,.L3
  11:./../../firmware/RISCV/stubs/fstat.c ****     st->st_mode = S_IFCHR;
  33              		.loc 1 11 5 is_stmt 1
  34              		.loc 1 11 17 is_stmt 0
  35 0010 B245     		lw	a1,12(sp)
  36 0012 8967     		li	a5,8192
  12:./../../firmware/RISCV/stubs/fstat.c ****     return 0;
  37              		.loc 1 12 12
  38 0014 0145     		li	a0,0
  11:./../../firmware/RISCV/stubs/fstat.c ****     st->st_mode = S_IFCHR;
  39              		.loc 1 11 17
  40 0016 DCC1     		sw	a5,4(a1)
  41              		.loc 1 12 5 is_stmt 1
  42              	.L1:
GAS LISTING C:\Users\zanil\AppData\Local\Temp\ccRhSw4e.s 			page 2


  13:./../../firmware/RISCV/stubs/fstat.c ****   }
  14:./../../firmware/RISCV/stubs/fstat.c **** 
  15:./../../firmware/RISCV/stubs/fstat.c ****   return _stub(EBADF);
  16:./../../firmware/RISCV/stubs/fstat.c **** }
  43              		.loc 1 16 1 is_stmt 0
  44 0018 F240     		lw	ra,28(sp)
  45              		.cfi_remember_state
  46              		.cfi_restore 1
  47 001a 0561     		addi	sp,sp,32
  48              	.LCFI1:
  49              		.cfi_def_cfa_offset 0
  50              	.LVL2:
  51 001c 8280     		jr	ra
  52              	.LVL3:
  53              	.L3:
  54              	.LCFI2:
  55              		.cfi_restore_state
  15:./../../firmware/RISCV/stubs/fstat.c **** }
  56              		.loc 1 15 10
  57 001e 7D55     		li	a0,-1
  58 0020 E5BF     		j	.L1
  59              		.cfi_endproc
  60              	.LFE1:
  62              		.text
  63              	.Letext0:
  64              		.file 2 "c:\\kth\\digtal_teknik\\risc1\\toolchain-gd32v-v202-win\\compiler\\lib\\gcc\\riscv64-unkn
  65              		.file 3 "c:\\kth\\digtal_teknik\\risc1\\toolchain-gd32v-v202-win\\compiler\\riscv64-unknown-elf\\i
  66              		.file 4 "c:\\kth\\digtal_teknik\\risc1\\toolchain-gd32v-v202-win\\compiler\\riscv64-unknown-elf\\i
  67              		.file 5 "c:\\kth\\digtal_teknik\\risc1\\toolchain-gd32v-v202-win\\compiler\\riscv64-unknown-elf\\i
  68              		.file 6 "c:\\kth\\digtal_teknik\\risc1\\toolchain-gd32v-v202-win\\compiler\\riscv64-unknown-elf\\i
  69              		.file 7 "c:\\kth\\digtal_teknik\\risc1\\toolchain-gd32v-v202-win\\compiler\\riscv64-unknown-elf\\i
  70              		.file 8 "c:\\kth\\digtal_teknik\\risc1\\toolchain-gd32v-v202-win\\compiler\\riscv64-unknown-elf\\i
  71              		.file 9 "c:\\kth\\digtal_teknik\\risc1\\toolchain-gd32v-v202-win\\compiler\\riscv64-unknown-elf\\i
  72              		.file 10 "c:\\kth\\digtal_teknik\\risc1\\toolchain-gd32v-v202-win\\compiler\\riscv64-unknown-elf\\
  73              		.file 11 "c:\\kth\\digtal_teknik\\risc1\\toolchain-gd32v-v202-win\\compiler\\riscv64-unknown-elf\\
  74              		.file 12 "c:\\kth\\digtal_teknik\\risc1\\toolchain-gd32v-v202-win\\compiler\\riscv64-unknown-elf\\
  75              		.file 13 "./../../firmware/RISCV/stubs/stub.h"
GAS LISTING C:\Users\zanil\AppData\Local\Temp\ccRhSw4e.s 			page 3


DEFINED SYMBOLS
                            *ABS*:0000000000000000 fstat.c
C:\Users\zanil\AppData\Local\Temp\ccRhSw4e.s:13     .text._fstat:0000000000000000 _fstat
C:\Users\zanil\AppData\Local\Temp\ccRhSw4e.s:17     .text._fstat:0000000000000000 .L0 
C:\Users\zanil\AppData\Local\Temp\ccRhSw4e.s:19     .text._fstat:0000000000000000 .L0 
C:\Users\zanil\AppData\Local\Temp\ccRhSw4e.s:20     .text._fstat:0000000000000000 .L0 
C:\Users\zanil\AppData\Local\Temp\ccRhSw4e.s:21     .text._fstat:0000000000000000 .L0 
C:\Users\zanil\AppData\Local\Temp\ccRhSw4e.s:23     .text._fstat:0000000000000002 .L0 
C:\Users\zanil\AppData\Local\Temp\ccRhSw4e.s:25     .text._fstat:0000000000000004 .L0 
C:\Users\zanil\AppData\Local\Temp\ccRhSw4e.s:27     .text._fstat:0000000000000004 .L0 
C:\Users\zanil\AppData\Local\Temp\ccRhSw4e.s:29     .text._fstat:0000000000000006 .L0 
C:\Users\zanil\AppData\Local\Temp\ccRhSw4e.s:32     .text._fstat:000000000000000e .L0 
C:\Users\zanil\AppData\Local\Temp\ccRhSw4e.s:34     .text._fstat:0000000000000010 .L0 
C:\Users\zanil\AppData\Local\Temp\ccRhSw4e.s:35     .text._fstat:0000000000000010 .L0 
C:\Users\zanil\AppData\Local\Temp\ccRhSw4e.s:38     .text._fstat:0000000000000014 .L0 
C:\Users\zanil\AppData\Local\Temp\ccRhSw4e.s:40     .text._fstat:0000000000000016 .L0 
C:\Users\zanil\AppData\Local\Temp\ccRhSw4e.s:43     .text._fstat:0000000000000018 .L0 
C:\Users\zanil\AppData\Local\Temp\ccRhSw4e.s:44     .text._fstat:0000000000000018 .L0 
C:\Users\zanil\AppData\Local\Temp\ccRhSw4e.s:45     .text._fstat:000000000000001a .L0 
C:\Users\zanil\AppData\Local\Temp\ccRhSw4e.s:46     .text._fstat:000000000000001a .L0 
C:\Users\zanil\AppData\Local\Temp\ccRhSw4e.s:49     .text._fstat:000000000000001c .L0 
C:\Users\zanil\AppData\Local\Temp\ccRhSw4e.s:55     .text._fstat:000000000000001e .L0 
C:\Users\zanil\AppData\Local\Temp\ccRhSw4e.s:57     .text._fstat:000000000000001e .L0 
C:\Users\zanil\AppData\Local\Temp\ccRhSw4e.s:59     .text._fstat:0000000000000022 .L0 
C:\Users\zanil\AppData\Local\Temp\ccRhSw4e.s:62     .text._fstat:0000000000000022 .L0 
                     .debug_frame:0000000000000000 .L0 
C:\Users\zanil\AppData\Local\Temp\ccRhSw4e.s:53     .text._fstat:000000000000001e .L3
C:\Users\zanil\AppData\Local\Temp\ccRhSw4e.s:42     .text._fstat:0000000000000018 .L1
C:\Users\zanil\AppData\Local\Temp\ccRhSw4e.s:1932   .debug_abbrev:0000000000000000 .Ldebug_abbrev0
C:\Users\zanil\AppData\Local\Temp\ccRhSw4e.s:2842   .debug_str:00000000000005b1 .LASF170
C:\Users\zanil\AppData\Local\Temp\ccRhSw4e.s:2734   .debug_str:0000000000000376 .LASF171
C:\Users\zanil\AppData\Local\Temp\ccRhSw4e.s:2760   .debug_str:000000000000040e .LASF172
C:\Users\zanil\AppData\Local\Temp\ccRhSw4e.s:2536   .debug_ranges:0000000000000000 .Ldebug_ranges0
C:\Users\zanil\AppData\Local\Temp\ccRhSw4e.s:2542   .debug_line:0000000000000000 .Ldebug_line0
C:\Users\zanil\AppData\Local\Temp\ccRhSw4e.s:2672   .debug_str:0000000000000264 .LASF0
C:\Users\zanil\AppData\Local\Temp\ccRhSw4e.s:2694   .debug_str:00000000000002c3 .LASF1
C:\Users\zanil\AppData\Local\Temp\ccRhSw4e.s:2594   .debug_str:0000000000000100 .LASF2
C:\Users\zanil\AppData\Local\Temp\ccRhSw4e.s:2728   .debug_str:000000000000035c .LASF3
C:\Users\zanil\AppData\Local\Temp\ccRhSw4e.s:2708   .debug_str:000000000000030e .LASF8
C:\Users\zanil\AppData\Local\Temp\ccRhSw4e.s:2596   .debug_str:000000000000010e .LASF4
C:\Users\zanil\AppData\Local\Temp\ccRhSw4e.s:2756   .debug_str:00000000000003fb .LASF5
C:\Users\zanil\AppData\Local\Temp\ccRhSw4e.s:2766   .debug_str:0000000000000463 .LASF6
C:\Users\zanil\AppData\Local\Temp\ccRhSw4e.s:2616   .debug_str:0000000000000167 .LASF7
C:\Users\zanil\AppData\Local\Temp\ccRhSw4e.s:2648   .debug_str:00000000000001fa .LASF9
C:\Users\zanil\AppData\Local\Temp\ccRhSw4e.s:2682   .debug_str:0000000000000291 .LASF10
C:\Users\zanil\AppData\Local\Temp\ccRhSw4e.s:2572   .debug_str:0000000000000082 .LASF11
C:\Users\zanil\AppData\Local\Temp\ccRhSw4e.s:2584   .debug_str:00000000000000cc .LASF12
C:\Users\zanil\AppData\Local\Temp\ccRhSw4e.s:2614   .debug_str:000000000000015c .LASF13
C:\Users\zanil\AppData\Local\Temp\ccRhSw4e.s:2740   .debug_str:00000000000003ac .LASF14
C:\Users\zanil\AppData\Local\Temp\ccRhSw4e.s:2742   .debug_str:00000000000003b8 .LASF15
C:\Users\zanil\AppData\Local\Temp\ccRhSw4e.s:2660   .debug_str:0000000000000233 .LASF16
C:\Users\zanil\AppData\Local\Temp\ccRhSw4e.s:2834   .debug_str:000000000000058e .LASF17
C:\Users\zanil\AppData\Local\Temp\ccRhSw4e.s:2548   .debug_str:0000000000000014 .LASF18
C:\Users\zanil\AppData\Local\Temp\ccRhSw4e.s:2806   .debug_str:0000000000000521 .LASF19
C:\Users\zanil\AppData\Local\Temp\ccRhSw4e.s:2600   .debug_str:0000000000000120 .LASF20
C:\Users\zanil\AppData\Local\Temp\ccRhSw4e.s:2546   .debug_str:000000000000000c .LASF21
C:\Users\zanil\AppData\Local\Temp\ccRhSw4e.s:2818   .debug_str:0000000000000551 .LASF22
GAS LISTING C:\Users\zanil\AppData\Local\Temp\ccRhSw4e.s 			page 4


C:\Users\zanil\AppData\Local\Temp\ccRhSw4e.s:2862   .debug_str:0000000000000691 .LASF23
C:\Users\zanil\AppData\Local\Temp\ccRhSw4e.s:2704   .debug_str:0000000000000300 .LASF24
C:\Users\zanil\AppData\Local\Temp\ccRhSw4e.s:2674   .debug_str:0000000000000271 .LASF25
C:\Users\zanil\AppData\Local\Temp\ccRhSw4e.s:2810   .debug_str:000000000000052f .LASF26
C:\Users\zanil\AppData\Local\Temp\ccRhSw4e.s:2812   .debug_str:0000000000000537 .LASF27
C:\Users\zanil\AppData\Local\Temp\ccRhSw4e.s:2778   .debug_str:0000000000000496 .LASF28
C:\Users\zanil\AppData\Local\Temp\ccRhSw4e.s:2890   .debug_str:000000000000070e .LASF29
C:\Users\zanil\AppData\Local\Temp\ccRhSw4e.s:2848   .debug_str:0000000000000647 .LASF30
C:\Users\zanil\AppData\Local\Temp\ccRhSw4e.s:2752   .debug_str:00000000000003e0 .LASF31
C:\Users\zanil\AppData\Local\Temp\ccRhSw4e.s:2652   .debug_str:000000000000020b .LASF32
C:\Users\zanil\AppData\Local\Temp\ccRhSw4e.s:2656   .debug_str:000000000000021c .LASF37
C:\Users\zanil\AppData\Local\Temp\ccRhSw4e.s:2836   .debug_str:0000000000000596 .LASF33
C:\Users\zanil\AppData\Local\Temp\ccRhSw4e.s:2802   .debug_str:0000000000000512 .LASF34
C:\Users\zanil\AppData\Local\Temp\ccRhSw4e.s:2650   .debug_str:0000000000000205 .LASF35
C:\Users\zanil\AppData\Local\Temp\ccRhSw4e.s:2856   .debug_str:000000000000067c .LASF36
C:\Users\zanil\AppData\Local\Temp\ccRhSw4e.s:2670   .debug_str:000000000000025f .LASF38
C:\Users\zanil\AppData\Local\Temp\ccRhSw4e.s:2590   .debug_str:00000000000000f2 .LASF39
C:\Users\zanil\AppData\Local\Temp\ccRhSw4e.s:2828   .debug_str:0000000000000578 .LASF40
C:\Users\zanil\AppData\Local\Temp\ccRhSw4e.s:2604   .debug_str:000000000000012f .LASF41
C:\Users\zanil\AppData\Local\Temp\ccRhSw4e.s:2894   .debug_str:0000000000000721 .LASF42
C:\Users\zanil\AppData\Local\Temp\ccRhSw4e.s:2736   .debug_str:000000000000039b .LASF43
C:\Users\zanil\AppData\Local\Temp\ccRhSw4e.s:2722   .debug_str:0000000000000342 .LASF44
C:\Users\zanil\AppData\Local\Temp\ccRhSw4e.s:2858   .debug_str:0000000000000681 .LASF45
C:\Users\zanil\AppData\Local\Temp\ccRhSw4e.s:2768   .debug_str:000000000000046d .LASF46
C:\Users\zanil\AppData\Local\Temp\ccRhSw4e.s:2874   .debug_str:00000000000006c6 .LASF47
C:\Users\zanil\AppData\Local\Temp\ccRhSw4e.s:2608   .debug_str:000000000000013e .LASF48
C:\Users\zanil\AppData\Local\Temp\ccRhSw4e.s:2642   .debug_str:00000000000001e7 .LASF49
C:\Users\zanil\AppData\Local\Temp\ccRhSw4e.s:2544   .debug_str:0000000000000000 .LASF50
C:\Users\zanil\AppData\Local\Temp\ccRhSw4e.s:2844   .debug_str:0000000000000639 .LASF51
C:\Users\zanil\AppData\Local\Temp\ccRhSw4e.s:2622   .debug_str:0000000000000181 .LASF52
C:\Users\zanil\AppData\Local\Temp\ccRhSw4e.s:2738   .debug_str:00000000000003a4 .LASF53
C:\Users\zanil\AppData\Local\Temp\ccRhSw4e.s:2794   .debug_str:00000000000004e2 .LASF54
C:\Users\zanil\AppData\Local\Temp\ccRhSw4e.s:2644   .debug_str:00000000000001ef .LASF55
C:\Users\zanil\AppData\Local\Temp\ccRhSw4e.s:2770   .debug_str:0000000000000477 .LASF56
C:\Users\zanil\AppData\Local\Temp\ccRhSw4e.s:2602   .debug_str:0000000000000129 .LASF57
C:\Users\zanil\AppData\Local\Temp\ccRhSw4e.s:2550   .debug_str:000000000000001c .LASF58
C:\Users\zanil\AppData\Local\Temp\ccRhSw4e.s:2780   .debug_str:00000000000004a1 .LASF59
C:\Users\zanil\AppData\Local\Temp\ccRhSw4e.s:2620   .debug_str:000000000000017a .LASF60
C:\Users\zanil\AppData\Local\Temp\ccRhSw4e.s:2684   .debug_str:00000000000002a3 .LASF61
C:\Users\zanil\AppData\Local\Temp\ccRhSw4e.s:2576   .debug_str:00000000000000a3 .LASF62
C:\Users\zanil\AppData\Local\Temp\ccRhSw4e.s:2610   .debug_str:000000000000014c .LASF63
C:\Users\zanil\AppData\Local\Temp\ccRhSw4e.s:2662   .debug_str:000000000000023b .LASF64
C:\Users\zanil\AppData\Local\Temp\ccRhSw4e.s:2720   .debug_str:000000000000033b .LASF65
C:\Users\zanil\AppData\Local\Temp\ccRhSw4e.s:2814   .debug_str:000000000000053f .LASF66
C:\Users\zanil\AppData\Local\Temp\ccRhSw4e.s:2878   .debug_str:00000000000006e0 .LASF67
C:\Users\zanil\AppData\Local\Temp\ccRhSw4e.s:2598   .debug_str:000000000000011a .LASF68
C:\Users\zanil\AppData\Local\Temp\ccRhSw4e.s:2870   .debug_str:00000000000006b8 .LASF69
C:\Users\zanil\AppData\Local\Temp\ccRhSw4e.s:2628   .debug_str:0000000000000197 .LASF70
C:\Users\zanil\AppData\Local\Temp\ccRhSw4e.s:2636   .debug_str:00000000000001c0 .LASF71
C:\Users\zanil\AppData\Local\Temp\ccRhSw4e.s:2566   .debug_str:000000000000005c .LASF72
C:\Users\zanil\AppData\Local\Temp\ccRhSw4e.s:2710   .debug_str:0000000000000315 .LASF73
C:\Users\zanil\AppData\Local\Temp\ccRhSw4e.s:2784   .debug_str:00000000000004b3 .LASF74
C:\Users\zanil\AppData\Local\Temp\ccRhSw4e.s:2714   .debug_str:0000000000000322 .LASF75
C:\Users\zanil\AppData\Local\Temp\ccRhSw4e.s:2804   .debug_str:000000000000051a .LASF76
C:\Users\zanil\AppData\Local\Temp\ccRhSw4e.s:2822   .debug_str:0000000000000562 .LASF77
C:\Users\zanil\AppData\Local\Temp\ccRhSw4e.s:2624   .debug_str:0000000000000189 .LASF78
C:\Users\zanil\AppData\Local\Temp\ccRhSw4e.s:2676   .debug_str:0000000000000278 .LASF79
GAS LISTING C:\Users\zanil\AppData\Local\Temp\ccRhSw4e.s 			page 5


C:\Users\zanil\AppData\Local\Temp\ccRhSw4e.s:2654   .debug_str:0000000000000214 .LASF80
C:\Users\zanil\AppData\Local\Temp\ccRhSw4e.s:2792   .debug_str:00000000000004dd .LASF81
C:\Users\zanil\AppData\Local\Temp\ccRhSw4e.s:2558   .debug_str:0000000000000039 .LASF82
C:\Users\zanil\AppData\Local\Temp\ccRhSw4e.s:2800   .debug_str:00000000000004f9 .LASF83
C:\Users\zanil\AppData\Local\Temp\ccRhSw4e.s:2796   .debug_str:00000000000004e7 .LASF84
C:\Users\zanil\AppData\Local\Temp\ccRhSw4e.s:2630   .debug_str:00000000000001a0 .LASF85
C:\Users\zanil\AppData\Local\Temp\ccRhSw4e.s:2798   .debug_str:00000000000004ef .LASF86
C:\Users\zanil\AppData\Local\Temp\ccRhSw4e.s:2702   .debug_str:00000000000002f8 .LASF87
C:\Users\zanil\AppData\Local\Temp\ccRhSw4e.s:2664   .debug_str:0000000000000241 .LASF88
C:\Users\zanil\AppData\Local\Temp\ccRhSw4e.s:2888   .debug_str:0000000000000709 .LASF89
C:\Users\zanil\AppData\Local\Temp\ccRhSw4e.s:2748   .debug_str:00000000000003cc .LASF90
C:\Users\zanil\AppData\Local\Temp\ccRhSw4e.s:2680   .debug_str:0000000000000289 .LASF91
C:\Users\zanil\AppData\Local\Temp\ccRhSw4e.s:2634   .debug_str:00000000000001b8 .LASF92
C:\Users\zanil\AppData\Local\Temp\ccRhSw4e.s:2758   .debug_str:0000000000000409 .LASF93
C:\Users\zanil\AppData\Local\Temp\ccRhSw4e.s:2696   .debug_str:00000000000002d6 .LASF94
C:\Users\zanil\AppData\Local\Temp\ccRhSw4e.s:2866   .debug_str:00000000000006a4 .LASF95
C:\Users\zanil\AppData\Local\Temp\ccRhSw4e.s:2612   .debug_str:0000000000000154 .LASF96
C:\Users\zanil\AppData\Local\Temp\ccRhSw4e.s:2606   .debug_str:0000000000000139 .LASF97
C:\Users\zanil\AppData\Local\Temp\ccRhSw4e.s:2824   .debug_str:0000000000000569 .LASF98
C:\Users\zanil\AppData\Local\Temp\ccRhSw4e.s:2776   .debug_str:000000000000048f .LASF99
C:\Users\zanil\AppData\Local\Temp\ccRhSw4e.s:2860   .debug_str:000000000000068b .LASF100
C:\Users\zanil\AppData\Local\Temp\ccRhSw4e.s:2690   .debug_str:00000000000002b6 .LASF101
C:\Users\zanil\AppData\Local\Temp\ccRhSw4e.s:2774   .debug_str:0000000000000489 .LASF102
C:\Users\zanil\AppData\Local\Temp\ccRhSw4e.s:2554   .debug_str:000000000000002a .LASF103
C:\Users\zanil\AppData\Local\Temp\ccRhSw4e.s:2808   .debug_str:0000000000000529 .LASF104
C:\Users\zanil\AppData\Local\Temp\ccRhSw4e.s:2832   .debug_str:0000000000000588 .LASF105
C:\Users\zanil\AppData\Local\Temp\ccRhSw4e.s:2846   .debug_str:0000000000000642 .LASF106
C:\Users\zanil\AppData\Local\Temp\ccRhSw4e.s:2854   .debug_str:000000000000066f .LASF107
C:\Users\zanil\AppData\Local\Temp\ccRhSw4e.s:2838   .debug_str:000000000000059c .LASF108
C:\Users\zanil\AppData\Local\Temp\ccRhSw4e.s:2700   .debug_str:00000000000002eb .LASF109
C:\Users\zanil\AppData\Local\Temp\ccRhSw4e.s:2876   .debug_str:00000000000006d1 .LASF110
C:\Users\zanil\AppData\Local\Temp\ccRhSw4e.s:2658   .debug_str:0000000000000224 .LASF111
C:\Users\zanil\AppData\Local\Temp\ccRhSw4e.s:2786   .debug_str:00000000000004bc .LASF112
C:\Users\zanil\AppData\Local\Temp\ccRhSw4e.s:2880   .debug_str:00000000000006e7 .LASF113
C:\Users\zanil\AppData\Local\Temp\ccRhSw4e.s:2790   .debug_str:00000000000004d0 .LASF114
C:\Users\zanil\AppData\Local\Temp\ccRhSw4e.s:2886   .debug_str:00000000000006fb .LASF115
C:\Users\zanil\AppData\Local\Temp\ccRhSw4e.s:2588   .debug_str:00000000000000e4 .LASF116
C:\Users\zanil\AppData\Local\Temp\ccRhSw4e.s:2864   .debug_str:000000000000069a .LASF117
C:\Users\zanil\AppData\Local\Temp\ccRhSw4e.s:2698   .debug_str:00000000000002df .LASF118
C:\Users\zanil\AppData\Local\Temp\ccRhSw4e.s:2850   .debug_str:000000000000064f .LASF119
C:\Users\zanil\AppData\Local\Temp\ccRhSw4e.s:2640   .debug_str:00000000000001d9 .LASF120
C:\Users\zanil\AppData\Local\Temp\ccRhSw4e.s:2582   .debug_str:00000000000000bd .LASF121
C:\Users\zanil\AppData\Local\Temp\ccRhSw4e.s:2638   .debug_str:00000000000001c8 .LASF122
C:\Users\zanil\AppData\Local\Temp\ccRhSw4e.s:2568   .debug_str:0000000000000062 .LASF123
C:\Users\zanil\AppData\Local\Temp\ccRhSw4e.s:2570   .debug_str:0000000000000071 .LASF124
C:\Users\zanil\AppData\Local\Temp\ccRhSw4e.s:2764   .debug_str:000000000000045a .LASF125
C:\Users\zanil\AppData\Local\Temp\ccRhSw4e.s:2732   .debug_str:000000000000036f .LASF126
C:\Users\zanil\AppData\Local\Temp\ccRhSw4e.s:2724   .debug_str:000000000000034c .LASF127
C:\Users\zanil\AppData\Local\Temp\ccRhSw4e.s:2872   .debug_str:00000000000006be .LASF128
C:\Users\zanil\AppData\Local\Temp\ccRhSw4e.s:2578   .debug_str:00000000000000ac .LASF173
C:\Users\zanil\AppData\Local\Temp\ccRhSw4e.s:2816   .debug_str:0000000000000545 .LASF129
C:\Users\zanil\AppData\Local\Temp\ccRhSw4e.s:2852   .debug_str:000000000000065c .LASF130
C:\Users\zanil\AppData\Local\Temp\ccRhSw4e.s:2632   .debug_str:00000000000001ab .LASF131
C:\Users\zanil\AppData\Local\Temp\ccRhSw4e.s:2782   .debug_str:00000000000004a9 .LASF132
C:\Users\zanil\AppData\Local\Temp\ccRhSw4e.s:2746   .debug_str:00000000000003c5 .LASF133
C:\Users\zanil\AppData\Local\Temp\ccRhSw4e.s:2678   .debug_str:0000000000000280 .LASF134
C:\Users\zanil\AppData\Local\Temp\ccRhSw4e.s:2868   .debug_str:00000000000006ae .LASF135
GAS LISTING C:\Users\zanil\AppData\Local\Temp\ccRhSw4e.s 			page 6


C:\Users\zanil\AppData\Local\Temp\ccRhSw4e.s:2896   .debug_str:000000000000072b .LASF136
C:\Users\zanil\AppData\Local\Temp\ccRhSw4e.s:2686   .debug_str:00000000000002a9 .LASF137
C:\Users\zanil\AppData\Local\Temp\ccRhSw4e.s:2744   .debug_str:00000000000003bf .LASF138
C:\Users\zanil\AppData\Local\Temp\ccRhSw4e.s:2692   .debug_str:00000000000002bd .LASF139
C:\Users\zanil\AppData\Local\Temp\ccRhSw4e.s:2646   .debug_str:00000000000001f4 .LASF140
C:\Users\zanil\AppData\Local\Temp\ccRhSw4e.s:2556   .debug_str:0000000000000032 .LASF141
C:\Users\zanil\AppData\Local\Temp\ccRhSw4e.s:2552   .debug_str:0000000000000022 .LASF142
C:\Users\zanil\AppData\Local\Temp\ccRhSw4e.s:2706   .debug_str:0000000000000306 .LASF143
C:\Users\zanil\AppData\Local\Temp\ccRhSw4e.s:2726   .debug_str:0000000000000355 .LASF144
C:\Users\zanil\AppData\Local\Temp\ccRhSw4e.s:2730   .debug_str:0000000000000368 .LASF145
C:\Users\zanil\AppData\Local\Temp\ccRhSw4e.s:2830   .debug_str:0000000000000581 .LASF146
C:\Users\zanil\AppData\Local\Temp\ccRhSw4e.s:2882   .debug_str:00000000000006ec .LASF147
C:\Users\zanil\AppData\Local\Temp\ccRhSw4e.s:2718   .debug_str:0000000000000332 .LASF148
C:\Users\zanil\AppData\Local\Temp\ccRhSw4e.s:2750   .debug_str:00000000000003d6 .LASF149
C:\Users\zanil\AppData\Local\Temp\ccRhSw4e.s:2560   .debug_str:0000000000000044 .LASF150
C:\Users\zanil\AppData\Local\Temp\ccRhSw4e.s:2586   .debug_str:00000000000000dc .LASF151
C:\Users\zanil\AppData\Local\Temp\ccRhSw4e.s:2592   .debug_str:00000000000000fb .LASF152
C:\Users\zanil\AppData\Local\Temp\ccRhSw4e.s:2562   .debug_str:000000000000004e .LASF153
C:\Users\zanil\AppData\Local\Temp\ccRhSw4e.s:2762   .debug_str:0000000000000453 .LASF154
C:\Users\zanil\AppData\Local\Temp\ccRhSw4e.s:2840   .debug_str:00000000000005a9 .LASF155
C:\Users\zanil\AppData\Local\Temp\ccRhSw4e.s:2754   .debug_str:00000000000003f2 .LASF156
C:\Users\zanil\AppData\Local\Temp\ccRhSw4e.s:2688   .debug_str:00000000000002af .LASF157
C:\Users\zanil\AppData\Local\Temp\ccRhSw4e.s:2564   .debug_str:0000000000000055 .LASF158
C:\Users\zanil\AppData\Local\Temp\ccRhSw4e.s:2884   .debug_str:00000000000006f3 .LASF159
C:\Users\zanil\AppData\Local\Temp\ccRhSw4e.s:2716   .debug_str:000000000000032a .LASF160
C:\Users\zanil\AppData\Local\Temp\ccRhSw4e.s:2820   .debug_str:0000000000000559 .LASF161
C:\Users\zanil\AppData\Local\Temp\ccRhSw4e.s:2666   .debug_str:000000000000024b .LASF162
C:\Users\zanil\AppData\Local\Temp\ccRhSw4e.s:2892   .debug_str:0000000000000718 .LASF163
C:\Users\zanil\AppData\Local\Temp\ccRhSw4e.s:2668   .debug_str:0000000000000255 .LASF164
C:\Users\zanil\AppData\Local\Temp\ccRhSw4e.s:2788   .debug_str:00000000000004c7 .LASF165
C:\Users\zanil\AppData\Local\Temp\ccRhSw4e.s:2618   .debug_str:0000000000000170 .LASF166
C:\Users\zanil\AppData\Local\Temp\ccRhSw4e.s:2772   .debug_str:000000000000047e .LASF167
C:\Users\zanil\AppData\Local\Temp\ccRhSw4e.s:2574   .debug_str:0000000000000099 .LASF168
C:\Users\zanil\AppData\Local\Temp\ccRhSw4e.s:2826   .debug_str:000000000000056e .LASF169
C:\Users\zanil\AppData\Local\Temp\ccRhSw4e.s:2626   .debug_str:0000000000000190 .LASF174
C:\Users\zanil\AppData\Local\Temp\ccRhSw4e.s:14     .text._fstat:0000000000000000 .LFB1
C:\Users\zanil\AppData\Local\Temp\ccRhSw4e.s:60     .text._fstat:0000000000000022 .LFE1
C:\Users\zanil\AppData\Local\Temp\ccRhSw4e.s:2464   .debug_loc:0000000000000000 .LLST0
C:\Users\zanil\AppData\Local\Temp\ccRhSw4e.s:2487   .debug_loc:0000000000000038 .LLST1
C:\Users\zanil\AppData\Local\Temp\ccRhSw4e.s:2501   .debug_loc:0000000000000059 .LLST2
C:\Users\zanil\AppData\Local\Temp\ccRhSw4e.s:30     .text._fstat:000000000000000e .LVL1
C:\Users\zanil\AppData\Local\Temp\ccRhSw4e.s:2580   .debug_str:00000000000000b7 .LASF175
C:\Users\zanil\AppData\Local\Temp\ccRhSw4e.s:2712   .debug_str:000000000000031b .LASF176
C:\Users\zanil\AppData\Local\Temp\ccRhSw4e.s:22     .text._fstat:0000000000000002 .LCFI0
C:\Users\zanil\AppData\Local\Temp\ccRhSw4e.s:48     .text._fstat:000000000000001c .LCFI1
C:\Users\zanil\AppData\Local\Temp\ccRhSw4e.s:54     .text._fstat:000000000000001e .LCFI2
C:\Users\zanil\AppData\Local\Temp\ccRhSw4e.s:18     .text._fstat:0000000000000000 .LVL0
C:\Users\zanil\AppData\Local\Temp\ccRhSw4e.s:50     .text._fstat:000000000000001c .LVL2
C:\Users\zanil\AppData\Local\Temp\ccRhSw4e.s:52     .text._fstat:000000000000001e .LVL3
C:\Users\zanil\AppData\Local\Temp\ccRhSw4e.s:77     .debug_info:0000000000000000 .Ldebug_info0

UNDEFINED SYMBOLS
isatty
