GAS LISTING C:\Users\zanil\AppData\Local\Temp\ccdAnRGh.s 			page 1


   1              		.file	"hcsr04.c"
   2              		.option nopic
   3              		.attribute arch, "rv32i2p0_m2p0_a2p0_c2p0"
   4              		.attribute unaligned_access, 0
   5              		.attribute stack_align, 16
   6              		.text
   7              	.Ltext0:
   8              		.cfi_sections	.debug_frame
   9              		.section	.text.hcsr04_init,"ax",@progbits
  10              		.align	1
  11              		.globl	hcsr04_init
  13              	hcsr04_init:
  14              	.LFB4:
  15              		.file 1 "hcsr04.c"
   1:hcsr04.c      **** /**
   2:hcsr04.c      ****  * @file    hcsr04.c
   3:hcsr04.c      ****  * @brief   HC-SR04 ultrasonic sensor FSM driver
   4:hcsr04.c      ****  * @version 1.0
   5:hcsr04.c      ****  * @date    2026-05-14
   6:hcsr04.c      ****  */
   7:hcsr04.c      **** 
   8:hcsr04.c      ****  #include "hcsr04.h"
   9:hcsr04.c      **** #include "gd32vf103.h"
  10:hcsr04.c      **** #include <string.h>
  11:hcsr04.c      **** 
  12:hcsr04.c      **** #define MTIME_LO (*(volatile uint32_t*)0xD1000000) /* MISRA Rule 11.4 deviation: hardware register 
  13:hcsr04.c      **** 
  14:hcsr04.c      **** #define TICK_PER_MS   (27000U)
  15:hcsr04.c      **** #define TIME_OUT_30MS (810000U)   /* 30ms — waiting for echo to start (STATE_ECHO_HIGH) */
  16:hcsr04.c      **** #define TIME_OUT_40MS (1080000U)  /* 40ms — waiting for echo to end; covers HC-SR04's 38ms no-obj
  17:hcsr04.c      **** #define WINDOW_SIZE 5
  18:hcsr04.c      **** 
  19:hcsr04.c      **** typedef enum status
  20:hcsr04.c      **** {
  21:hcsr04.c      ****     STATE_IDLE,
  22:hcsr04.c      ****     STATE_TRIG_START,
  23:hcsr04.c      ****     STATE_TRIG_WAIT,
  24:hcsr04.c      ****     STATE_TRIG_GUARD,
  25:hcsr04.c      ****     STATE_ECHO_HIGH,
  26:hcsr04.c      ****     STATE_ECHO_LOW,
  27:hcsr04.c      ****     STATE_ERROR
  28:hcsr04.c      **** } hcsr04state;
  29:hcsr04.c      **** 
  30:hcsr04.c      **** static hcsr04state current_state = STATE_IDLE;
  31:hcsr04.c      **** static uint32_t start_time = 0;
  32:hcsr04.c      **** static uint32_t end_time = 0;
  33:hcsr04.c      **** static int32_t distance= 0;
  34:hcsr04.c      **** static uint32_t error_count = 0;
  35:hcsr04.c      **** 
  36:hcsr04.c      **** static uint32_t last_trig_time = 0;
  37:hcsr04.c      **** static int32_t filter_buffer[WINDOW_SIZE] = {0};
  38:hcsr04.c      **** static uint8_t filter_idx = 0;
  39:hcsr04.c      **** 
  40:hcsr04.c      **** static int32_t apply_median_filter(int32_t raw_val) 
  41:hcsr04.c      **** {
  42:hcsr04.c      ****     filter_buffer[filter_idx] = raw_val;
  43:hcsr04.c      ****     filter_idx = (uint8_t)(((uint32_t)filter_idx + 1U) % WINDOW_SIZE);
GAS LISTING C:\Users\zanil\AppData\Local\Temp\ccdAnRGh.s 			page 2


  44:hcsr04.c      ****     
  45:hcsr04.c      ****     int32_t sorted[WINDOW_SIZE];
  46:hcsr04.c      ****     (void)memcpy(sorted, filter_buffer, sizeof(sorted)); 
  47:hcsr04.c      ****     
  48:hcsr04.c      ****     for (uint8_t i = 0U; i < (WINDOW_SIZE - 1U); i++) 
  49:hcsr04.c      ****     {
  50:hcsr04.c      ****         for (uint8_t j = 0U; j < (WINDOW_SIZE - 1U - i); j++) 
  51:hcsr04.c      ****         {
  52:hcsr04.c      ****             if (sorted[j] > sorted[j + 1U]) 
  53:hcsr04.c      ****             {
  54:hcsr04.c      ****                 int32_t tmp = sorted[j];
  55:hcsr04.c      ****                 sorted[j] = sorted[j + 1U];
  56:hcsr04.c      ****                 sorted[j + 1U] = tmp;
  57:hcsr04.c      ****             }
  58:hcsr04.c      ****         }
  59:hcsr04.c      ****     }
  60:hcsr04.c      ****     return sorted[WINDOW_SIZE / 2U];
  61:hcsr04.c      **** }
  62:hcsr04.c      **** void hcsr04_init(void)
  63:hcsr04.c      **** {
  16              		.loc 1 63 1
  17              		.cfi_startproc
  64:hcsr04.c      ****     rcu_periph_clock_enable(RCU_GPIOA);
  18              		.loc 1 64 5
  63:hcsr04.c      ****     rcu_periph_clock_enable(RCU_GPIOA);
  19              		.loc 1 63 1 is_stmt 0
  20 0000 4111     		addi	sp,sp,-16
  21              	.LCFI0:
  22              		.cfi_def_cfa_offset 16
  23              		.loc 1 64 5
  24 0002 13052060 		li	a0,1538
  63:hcsr04.c      ****     rcu_periph_clock_enable(RCU_GPIOA);
  25              		.loc 1 63 1
  26 0006 06C6     		sw	ra,12(sp)
  27 0008 22C4     		sw	s0,8(sp)
  28              		.cfi_offset 1, -4
  29              		.cfi_offset 8, -8
  30              		.loc 1 64 5
  31 000a 97000000 		call	rcu_periph_clock_enable
  31      E7800000 
  32              	.LVL0:
  65:hcsr04.c      **** 
  66:hcsr04.c      ****     gpio_init(GPIOA, GPIO_MODE_OUT_PP, GPIO_OSPEED_50MHZ, GPIO_PIN_0);
  33              		.loc 1 66 5 is_stmt 1
  34 0012 37140140 		li	s0,1073811456
  35 0016 13050480 		addi	a0,s0,-2048
  36 001a 8546     		li	a3,1
  37 001c 0D46     		li	a2,3
  38 001e C145     		li	a1,16
  39 0020 97000000 		call	gpio_init
  39      E7800000 
  40              	.LVL1:
  67:hcsr04.c      ****     gpio_init(GPIOA, GPIO_MODE_IN_FLOATING, GPIO_OSPEED_50MHZ, GPIO_PIN_1);
  41              		.loc 1 67 5
  42 0028 13050480 		addi	a0,s0,-2048
  68:hcsr04.c      **** }
  43              		.loc 1 68 1 is_stmt 0
GAS LISTING C:\Users\zanil\AppData\Local\Temp\ccdAnRGh.s 			page 3


  44 002c 2244     		lw	s0,8(sp)
  45              		.cfi_restore 8
  46 002e B240     		lw	ra,12(sp)
  47              		.cfi_restore 1
  67:hcsr04.c      ****     gpio_init(GPIOA, GPIO_MODE_IN_FLOATING, GPIO_OSPEED_50MHZ, GPIO_PIN_1);
  48              		.loc 1 67 5
  49 0030 8946     		li	a3,2
  50              		.loc 1 68 1
  67:hcsr04.c      ****     gpio_init(GPIOA, GPIO_MODE_IN_FLOATING, GPIO_OSPEED_50MHZ, GPIO_PIN_1);
  51              		.loc 1 67 5
  52 0032 0D46     		li	a2,3
  53 0034 9145     		li	a1,4
  54              		.loc 1 68 1
  55 0036 4101     		addi	sp,sp,16
  56              	.LCFI1:
  57              		.cfi_def_cfa_offset 0
  67:hcsr04.c      ****     gpio_init(GPIOA, GPIO_MODE_IN_FLOATING, GPIO_OSPEED_50MHZ, GPIO_PIN_1);
  58              		.loc 1 67 5
  59 0038 17030000 		tail	gpio_init
  59      67000300 
  60              	.LVL2:
  61              		.cfi_endproc
  62              	.LFE4:
  64              		.section	.text.hcsr04_get_distance,"ax",@progbits
  65              		.align	1
  66              		.globl	hcsr04_get_distance
  68              	hcsr04_get_distance:
  69              	.LFB5:
  69:hcsr04.c      **** 
  70:hcsr04.c      **** int32_t hcsr04_get_distance(void)  {return distance;}
  70              		.loc 1 70 36 is_stmt 1
  71              		.cfi_startproc
  72              		.loc 1 70 37
  73              		.loc 1 70 1 is_stmt 0
  74 0000 B7070000 		lui	a5,%hi(.LANCHOR0)
  75 0004 03A50700 		lw	a0,%lo(.LANCHOR0)(a5)
  76 0008 8280     		ret
  77              		.cfi_endproc
  78              	.LFE5:
  80              		.section	.text.hcsr04_tick,"ax",@progbits
  81              		.align	1
  82              		.globl	hcsr04_tick
  84              	hcsr04_tick:
  85              	.LFB6:
  71:hcsr04.c      **** 
  72:hcsr04.c      **** void hcsr04_tick(void)
  73:hcsr04.c      **** {
  86              		.loc 1 73 1 is_stmt 1
  87              		.cfi_startproc
  74:hcsr04.c      ****     switch(current_state)
  88              		.loc 1 74 5
  73:hcsr04.c      ****     switch(current_state)
  89              		.loc 1 73 1 is_stmt 0
  90 0000 7971     		addi	sp,sp,-48
  91              	.LCFI2:
  92              		.cfi_def_cfa_offset 48
  93 0002 22D4     		sw	s0,40(sp)
GAS LISTING C:\Users\zanil\AppData\Local\Temp\ccdAnRGh.s 			page 4


  94              		.cfi_offset 8, -8
  95              		.loc 1 74 5
  96 0004 37040000 		lui	s0,%hi(.LANCHOR1)
  97 0008 13070400 		addi	a4,s0,%lo(.LANCHOR1)
  98 000c 1C43     		lw	a5,0(a4)
  73:hcsr04.c      ****     switch(current_state)
  99              		.loc 1 73 1
 100 000e 06D6     		sw	ra,44(sp)
 101 0010 26D2     		sw	s1,36(sp)
 102 0012 4AD0     		sw	s2,32(sp)
 103              		.cfi_offset 1, -4
 104              		.cfi_offset 9, -12
 105              		.cfi_offset 18, -16
 106              		.loc 1 74 5
 107 0014 9946     		li	a3,6
 108 0016 63E5F620 		bgtu	a5,a3,.L5
 109 001a 37070000 		lui	a4,%hi(.L7)
 110 001e 8A07     		slli	a5,a5,2
 111 0020 13070700 		addi	a4,a4,%lo(.L7)
 112 0024 BA97     		add	a5,a5,a4
 113 0026 9C43     		lw	a5,0(a5)
 114 0028 13040400 		addi	s0,s0,%lo(.LANCHOR1)
 115 002c 8287     		jr	a5
 116              		.section	.rodata.hcsr04_tick,"a",@progbits
 117              		.align	2
 118              		.align	2
 119              	.L7:
 120 0000 00000000 		.word	.L13
 121 0004 00000000 		.word	.L12
 122 0008 00000000 		.word	.L11
 123 000c 00000000 		.word	.L10
 124 0010 00000000 		.word	.L9
 125 0014 00000000 		.word	.L8
 126 0018 00000000 		.word	.L6
 127              		.section	.text.hcsr04_tick
 128              	.L13:
  75:hcsr04.c      ****     {
  76:hcsr04.c      ****         case STATE_IDLE:
  77:hcsr04.c      ****         if(MTIME_LO - last_trig_time >= 100U * TICK_PER_MS) //wait for 100ms
 129              		.loc 1 77 9 is_stmt 1
 130              		.loc 1 77 12 is_stmt 0
 131 002e B70700D1 		li	a5,-788529152
 132 0032 9843     		lw	a4,0(a5)
 133              		.loc 1 77 21
 134 0034 B7070000 		lui	a5,%hi(.LANCHOR2)
 135 0038 83A70700 		lw	a5,%lo(.LANCHOR2)(a5)
 136 003c 1D8F     		sub	a4,a4,a5
 137              		.loc 1 77 11
 138 003e B7372900 		li	a5,2699264
 139 0042 9387F72D 		addi	a5,a5,735
 140 0046 63F4E700 		bleu	a4,a5,.L4
  78:hcsr04.c      ****         {current_state = STATE_TRIG_START;}
 141              		.loc 1 78 10 is_stmt 1
 142              		.loc 1 78 24 is_stmt 0
 143 004a 8547     		li	a5,1
 144              	.L29:
  79:hcsr04.c      ****         break;
GAS LISTING C:\Users\zanil\AppData\Local\Temp\ccdAnRGh.s 			page 5


  80:hcsr04.c      **** 
  81:hcsr04.c      ****         case STATE_TRIG_START:
  82:hcsr04.c      ****         gpio_bit_set(GPIOA, GPIO_PIN_0);
  83:hcsr04.c      ****         last_trig_time = MTIME_LO;
  84:hcsr04.c      ****         current_state = STATE_TRIG_WAIT;
 145              		.loc 1 84 23
 146 004c 1CC0     		sw	a5,0(s0)
  85:hcsr04.c      ****         break;
 147              		.loc 1 85 9 is_stmt 1
 148              	.L4:
  86:hcsr04.c      **** 
  87:hcsr04.c      ****         case STATE_TRIG_WAIT:
  88:hcsr04.c      ****         if(MTIME_LO - last_trig_time >= 270U) //10µs
  89:hcsr04.c      ****         {
  90:hcsr04.c      ****             gpio_bit_reset(GPIOA, GPIO_PIN_0);
  91:hcsr04.c      ****             last_trig_time = MTIME_LO;
  92:hcsr04.c      ****             current_state = STATE_TRIG_GUARD;
  93:hcsr04.c      ****         }
  94:hcsr04.c      ****         break;
  95:hcsr04.c      **** 
  96:hcsr04.c      ****         case STATE_TRIG_GUARD: /* wait 300µs after TRIG falls — ignores capacitive coupling glit
  97:hcsr04.c      ****         if(MTIME_LO - last_trig_time >= 8100U) /* 300µs × 27 ticks/µs */
  98:hcsr04.c      ****         { current_state = STATE_ECHO_HIGH; }
  99:hcsr04.c      ****         break;
 100:hcsr04.c      **** 
 101:hcsr04.c      ****         case STATE_ECHO_HIGH:
 102:hcsr04.c      ****         if(gpio_input_bit_get(GPIOA,GPIO_PIN_1) == SET)
 103:hcsr04.c      ****         {
 104:hcsr04.c      ****             start_time = MTIME_LO;
 105:hcsr04.c      ****             current_state = STATE_ECHO_LOW;
 106:hcsr04.c      ****         }
 107:hcsr04.c      **** 
 108:hcsr04.c      ****         else if(MTIME_LO - last_trig_time > TIME_OUT_30MS) //1s = 2700 0000 tck, 1ms = 27000 tck
 109:hcsr04.c      ****         {current_state = STATE_ERROR;}
 110:hcsr04.c      ****         break;
 111:hcsr04.c      **** 
 112:hcsr04.c      ****         case STATE_ECHO_LOW:
 113:hcsr04.c      ****         if(gpio_input_bit_get(GPIOA,GPIO_PIN_1) == RESET)
 114:hcsr04.c      ****         {
 115:hcsr04.c      ****             end_time = MTIME_LO;
 116:hcsr04.c      ****             
 117:hcsr04.c      ****             int32_t raw_distance = (int32_t)((end_time - start_time) / 157U); /* cm: 27MHz × 58µs
 118:hcsr04.c      ****             distance = apply_median_filter(raw_distance); 
 119:hcsr04.c      ****             
 120:hcsr04.c      ****             error_count = 0;
 121:hcsr04.c      ****             current_state = STATE_IDLE;
 122:hcsr04.c      ****         }
 123:hcsr04.c      **** 
 124:hcsr04.c      ****         else if(MTIME_LO - start_time > TIME_OUT_40MS)
 125:hcsr04.c      ****         {current_state = STATE_ERROR;}
 126:hcsr04.c      ****         break;
 127:hcsr04.c      ****         
 128:hcsr04.c      ****         case STATE_ERROR:
 129:hcsr04.c      ****         if(error_count < 250U)
 130:hcsr04.c      ****         {error_count++;}
 131:hcsr04.c      **** 
 132:hcsr04.c      ****         if(error_count > 3U)
GAS LISTING C:\Users\zanil\AppData\Local\Temp\ccdAnRGh.s 			page 6


 133:hcsr04.c      ****         {distance = -1;}
 134:hcsr04.c      **** 
 135:hcsr04.c      ****         current_state = STATE_IDLE;
 136:hcsr04.c      ****         last_trig_time = MTIME_LO;
 137:hcsr04.c      ****         break;
 138:hcsr04.c      **** 
 139:hcsr04.c      ****         default:
 140:hcsr04.c      ****         current_state = STATE_IDLE;
 141:hcsr04.c      ****         break;
 142:hcsr04.c      **** 
 143:hcsr04.c      ****     }
 144:hcsr04.c      **** }...
 149              		.loc 1 144 1 is_stmt 0
 150 004e B250     		lw	ra,44(sp)
 151              		.cfi_remember_state
 152              		.cfi_restore 1
 153 0050 2254     		lw	s0,40(sp)
 154              		.cfi_restore 8
 155 0052 9254     		lw	s1,36(sp)
 156              		.cfi_restore 9
 157 0054 0259     		lw	s2,32(sp)
 158              		.cfi_restore 18
 159 0056 4561     		addi	sp,sp,48
 160              	.LCFI3:
 161              		.cfi_def_cfa_offset 0
 162 0058 8280     		jr	ra
 163              	.L12:
 164              	.LCFI4:
 165              		.cfi_restore_state
  82:hcsr04.c      ****         gpio_bit_set(GPIOA, GPIO_PIN_0);
 166              		.loc 1 82 9 is_stmt 1
 167 005a 37150140 		li	a0,1073811456
 168 005e 8545     		li	a1,1
 169 0060 13050580 		addi	a0,a0,-2048
 170 0064 97000000 		call	gpio_bit_set
 170      E7800000 
 171              	.LVL3:
  83:hcsr04.c      ****         last_trig_time = MTIME_LO;
 172              		.loc 1 83 9
  83:hcsr04.c      ****         last_trig_time = MTIME_LO;
 173              		.loc 1 83 26 is_stmt 0
 174 006c B70700D1 		li	a5,-788529152
 175 0070 9843     		lw	a4,0(a5)
  83:hcsr04.c      ****         last_trig_time = MTIME_LO;
 176              		.loc 1 83 24
 177 0072 B7070000 		lui	a5,%hi(.LANCHOR2)
 178 0076 23A0E700 		sw	a4,%lo(.LANCHOR2)(a5)
  84:hcsr04.c      ****         current_state = STATE_TRIG_WAIT;
 179              		.loc 1 84 9 is_stmt 1
  84:hcsr04.c      ****         current_state = STATE_TRIG_WAIT;
 180              		.loc 1 84 23 is_stmt 0
 181 007a 8947     		li	a5,2
 182 007c C1BF     		j	.L29
 183              	.L11:
  88:hcsr04.c      ****         if(MTIME_LO - last_trig_time >= 270U) //10µs
 184              		.loc 1 88 9 is_stmt 1
  88:hcsr04.c      ****         if(MTIME_LO - last_trig_time >= 270U) //10µs
GAS LISTING C:\Users\zanil\AppData\Local\Temp\ccdAnRGh.s 			page 7


 185              		.loc 1 88 21 is_stmt 0
 186 007e B7040000 		lui	s1,%hi(.LANCHOR2)
  88:hcsr04.c      ****         if(MTIME_LO - last_trig_time >= 270U) //10µs
 187              		.loc 1 88 12
 188 0082 370900D1 		li	s2,-788529152
  88:hcsr04.c      ****         if(MTIME_LO - last_trig_time >= 270U) //10µs
 189              		.loc 1 88 21
 190 0086 93840400 		addi	s1,s1,%lo(.LANCHOR2)
 191 008a 9840     		lw	a4,0(s1)
  88:hcsr04.c      ****         if(MTIME_LO - last_trig_time >= 270U) //10µs
 192              		.loc 1 88 12
 193 008c 83270900 		lw	a5,0(s2)
  88:hcsr04.c      ****         if(MTIME_LO - last_trig_time >= 270U) //10µs
 194              		.loc 1 88 21
 195 0090 998F     		sub	a5,a5,a4
  88:hcsr04.c      ****         if(MTIME_LO - last_trig_time >= 270U) //10µs
 196              		.loc 1 88 11
 197 0092 1307D010 		li	a4,269
 198 0096 E37CF7FA 		bleu	a5,a4,.L4
  90:hcsr04.c      ****             gpio_bit_reset(GPIOA, GPIO_PIN_0);
 199              		.loc 1 90 13 is_stmt 1
 200 009a 37150140 		li	a0,1073811456
 201 009e 8545     		li	a1,1
 202 00a0 13050580 		addi	a0,a0,-2048
 203 00a4 97000000 		call	gpio_bit_reset
 203      E7800000 
 204              	.LVL4:
  91:hcsr04.c      ****             last_trig_time = MTIME_LO;
 205              		.loc 1 91 13
  91:hcsr04.c      ****             last_trig_time = MTIME_LO;
 206              		.loc 1 91 30 is_stmt 0
 207 00ac 83270900 		lw	a5,0(s2)
  91:hcsr04.c      ****             last_trig_time = MTIME_LO;
 208              		.loc 1 91 28
 209 00b0 9CC0     		sw	a5,0(s1)
  92:hcsr04.c      ****             current_state = STATE_TRIG_GUARD;
 210              		.loc 1 92 13 is_stmt 1
  92:hcsr04.c      ****             current_state = STATE_TRIG_GUARD;
 211              		.loc 1 92 27 is_stmt 0
 212 00b2 8D47     		li	a5,3
 213 00b4 61BF     		j	.L29
 214              	.L10:
  97:hcsr04.c      ****         if(MTIME_LO - last_trig_time >= 8100U) /* 300µs × 27 ticks/µs */
 215              		.loc 1 97 9 is_stmt 1
  97:hcsr04.c      ****         if(MTIME_LO - last_trig_time >= 8100U) /* 300µs × 27 ticks/µs */
 216              		.loc 1 97 12 is_stmt 0
 217 00b6 B70700D1 		li	a5,-788529152
 218 00ba 9843     		lw	a4,0(a5)
  97:hcsr04.c      ****         if(MTIME_LO - last_trig_time >= 8100U) /* 300µs × 27 ticks/µs */
 219              		.loc 1 97 21
 220 00bc B7070000 		lui	a5,%hi(.LANCHOR2)
 221 00c0 83A70700 		lw	a5,%lo(.LANCHOR2)(a5)
 222 00c4 1D8F     		sub	a4,a4,a5
  97:hcsr04.c      ****         if(MTIME_LO - last_trig_time >= 8100U) /* 300µs × 27 ticks/µs */
 223              		.loc 1 97 11
 224 00c6 8967     		li	a5,8192
 225 00c8 938737FA 		addi	a5,a5,-93
GAS LISTING C:\Users\zanil\AppData\Local\Temp\ccdAnRGh.s 			page 8


 226 00cc E3F1E7F8 		bleu	a4,a5,.L4
  98:hcsr04.c      ****         { current_state = STATE_ECHO_HIGH; }
 227              		.loc 1 98 11 is_stmt 1
  98:hcsr04.c      ****         { current_state = STATE_ECHO_HIGH; }
 228              		.loc 1 98 25 is_stmt 0
 229 00d0 9147     		li	a5,4
 230 00d2 ADBF     		j	.L29
 231              	.L9:
 102:hcsr04.c      ****         if(gpio_input_bit_get(GPIOA,GPIO_PIN_1) == SET)
 232              		.loc 1 102 9 is_stmt 1
 102:hcsr04.c      ****         if(gpio_input_bit_get(GPIOA,GPIO_PIN_1) == SET)
 233              		.loc 1 102 12 is_stmt 0
 234 00d4 37150140 		li	a0,1073811456
 235 00d8 8945     		li	a1,2
 236 00da 13050580 		addi	a0,a0,-2048
 237 00de 97000000 		call	gpio_input_bit_get
 237      E7800000 
 238              	.LVL5:
 102:hcsr04.c      ****         if(gpio_input_bit_get(GPIOA,GPIO_PIN_1) == SET)
 239              		.loc 1 102 11
 240 00e6 8547     		li	a5,1
 241 00e8 631BF500 		bne	a0,a5,.L17
 104:hcsr04.c      ****             start_time = MTIME_LO;
 242              		.loc 1 104 13 is_stmt 1
 104:hcsr04.c      ****             start_time = MTIME_LO;
 243              		.loc 1 104 26 is_stmt 0
 244 00ec B70700D1 		li	a5,-788529152
 245 00f0 9843     		lw	a4,0(a5)
 104:hcsr04.c      ****             start_time = MTIME_LO;
 246              		.loc 1 104 24
 247 00f2 B7070000 		lui	a5,%hi(.LANCHOR3)
 248 00f6 23A0E700 		sw	a4,%lo(.LANCHOR3)(a5)
 105:hcsr04.c      ****             current_state = STATE_ECHO_LOW;
 249              		.loc 1 105 13 is_stmt 1
 105:hcsr04.c      ****             current_state = STATE_ECHO_LOW;
 250              		.loc 1 105 27 is_stmt 0
 251 00fa 9547     		li	a5,5
 252 00fc 81BF     		j	.L29
 253              	.L17:
 108:hcsr04.c      ****         else if(MTIME_LO - last_trig_time > TIME_OUT_30MS) //1s = 2700 0000 tck, 1ms = 27000 tck
 254              		.loc 1 108 14 is_stmt 1
 108:hcsr04.c      ****         else if(MTIME_LO - last_trig_time > TIME_OUT_30MS) //1s = 2700 0000 tck, 1ms = 27000 tck
 255              		.loc 1 108 17 is_stmt 0
 256 00fe B70700D1 		li	a5,-788529152
 257 0102 9843     		lw	a4,0(a5)
 108:hcsr04.c      ****         else if(MTIME_LO - last_trig_time > TIME_OUT_30MS) //1s = 2700 0000 tck, 1ms = 27000 tck
 258              		.loc 1 108 26
 259 0104 B7070000 		lui	a5,%hi(.LANCHOR2)
 260 0108 83A70700 		lw	a5,%lo(.LANCHOR2)(a5)
 261 010c 1D8F     		sub	a4,a4,a5
 108:hcsr04.c      ****         else if(MTIME_LO - last_trig_time > TIME_OUT_30MS) //1s = 2700 0000 tck, 1ms = 27000 tck
 262              		.loc 1 108 16
 263 010e B7670C00 		li	a5,811008
 264 0112 938707C1 		addi	a5,a5,-1008
 265              	.L28:
 266 0116 E3FCE7F2 		bleu	a4,a5,.L4
 109:hcsr04.c      ****         {current_state = STATE_ERROR;}
GAS LISTING C:\Users\zanil\AppData\Local\Temp\ccdAnRGh.s 			page 9


 267              		.loc 1 109 10 is_stmt 1
 109:hcsr04.c      ****         {current_state = STATE_ERROR;}
 268              		.loc 1 109 24 is_stmt 0
 269 011a 9947     		li	a5,6
 270 011c 05BF     		j	.L29
 271              	.L8:
 113:hcsr04.c      ****         if(gpio_input_bit_get(GPIOA,GPIO_PIN_1) == RESET)
 272              		.loc 1 113 9 is_stmt 1
 113:hcsr04.c      ****         if(gpio_input_bit_get(GPIOA,GPIO_PIN_1) == RESET)
 273              		.loc 1 113 12 is_stmt 0
 274 011e 37150140 		li	a0,1073811456
 275 0122 8945     		li	a1,2
 276 0124 13050580 		addi	a0,a0,-2048
 277 0128 97000000 		call	gpio_input_bit_get
 277      E7800000 
 278              	.LVL6:
 279              	.LBB8:
 115:hcsr04.c      ****             end_time = MTIME_LO;
 280              		.loc 1 115 24
 281 0130 B70700D1 		li	a5,-788529152
 282 0134 9843     		lw	a4,0(a5)
 283 0136 B7060000 		lui	a3,%hi(.LANCHOR3)
 284 013a 93860600 		addi	a3,a3,%lo(.LANCHOR3)
 285              	.LBE8:
 113:hcsr04.c      ****         if(gpio_input_bit_get(GPIOA,GPIO_PIN_1) == RESET)
 286              		.loc 1 113 11
 287 013e 59E9     		bne	a0,zero,.L18
 288              	.LBB19:
 115:hcsr04.c      ****             end_time = MTIME_LO;
 289              		.loc 1 115 13 is_stmt 1
 117:hcsr04.c      ****             int32_t raw_distance = (int32_t)((end_time - start_time) / 157U); /* cm: 27MHz × 58µs
 290              		.loc 1 117 13
 291              	.LVL7:
 118:hcsr04.c      ****             distance = apply_median_filter(raw_distance); 
 292              		.loc 1 118 13
 293              	.LBB9:
 294              	.LBB10:
  42:hcsr04.c      ****     filter_buffer[filter_idx] = raw_val;
 295              		.loc 1 42 5
 296              	.LBE10:
 297              	.LBE9:
 117:hcsr04.c      ****             int32_t raw_distance = (int32_t)((end_time - start_time) / 157U); /* cm: 27MHz × 58µs
 298              		.loc 1 117 56 is_stmt 0
 299 0140 9442     		lw	a3,0(a3)
 300              	.LBB17:
 301              	.LBB15:
  42:hcsr04.c      ****     filter_buffer[filter_idx] = raw_val;
 302              		.loc 1 42 18
 303 0142 37060000 		lui	a2,%hi(.LANCHOR4)
 304 0146 13060600 		addi	a2,a2,%lo(.LANCHOR4)
 305              	.LBE15:
 306              	.LBE17:
 117:hcsr04.c      ****             int32_t raw_distance = (int32_t)((end_time - start_time) / 157U); /* cm: 27MHz × 58µs
 307              		.loc 1 117 56
 308 014a 158F     		sub	a4,a4,a3
 309              	.LVL8:
 117:hcsr04.c      ****             int32_t raw_distance = (int32_t)((end_time - start_time) / 157U); /* cm: 27MHz × 58µs
GAS LISTING C:\Users\zanil\AppData\Local\Temp\ccdAnRGh.s 			page 10


 310              		.loc 1 117 70
 311 014c 9306D009 		li	a3,157
 312 0150 3357D702 		divu	a4,a4,a3
 313              	.LVL9:
 314              	.LBB18:
 315              	.LBB16:
  42:hcsr04.c      ****     filter_buffer[filter_idx] = raw_val;
 316              		.loc 1 42 18
 317 0154 83470600 		lbu	a5,0(a2)
  42:hcsr04.c      ****     filter_buffer[filter_idx] = raw_val;
 318              		.loc 1 42 31
 319 0158 B7050000 		lui	a1,%hi(.LANCHOR5)
 320 015c 13850500 		addi	a0,a1,%lo(.LANCHOR5)
 321 0160 13982700 		slli	a6,a5,2
 322 0164 4295     		add	a0,a0,a6
  43:hcsr04.c      ****     filter_idx = (uint8_t)(((uint32_t)filter_idx + 1U) % WINDOW_SIZE);
 323              		.loc 1 43 50
 324 0166 8507     		addi	a5,a5,1
  46:hcsr04.c      ****     (void)memcpy(sorted, filter_buffer, sizeof(sorted)); 
 325              		.loc 1 46 11
 326 0168 93850500 		addi	a1,a1,%lo(.LANCHOR5)
  42:hcsr04.c      ****     filter_buffer[filter_idx] = raw_val;
 327              		.loc 1 42 31
 328 016c 18C1     		sw	a4,0(a0)
  43:hcsr04.c      ****     filter_idx = (uint8_t)(((uint32_t)filter_idx + 1U) % WINDOW_SIZE);
 329              		.loc 1 43 5 is_stmt 1
  43:hcsr04.c      ****     filter_idx = (uint8_t)(((uint32_t)filter_idx + 1U) % WINDOW_SIZE);
 330              		.loc 1 43 56 is_stmt 0
 331 016e 1547     		li	a4,5
 332              	.LVL10:
 333 0170 B3F7E702 		remu	a5,a5,a4
  46:hcsr04.c      ****     (void)memcpy(sorted, filter_buffer, sizeof(sorted)); 
 334              		.loc 1 46 11
 335 0174 6800     		addi	a0,sp,12
 336              	.LVL11:
  43:hcsr04.c      ****     filter_idx = (uint8_t)(((uint32_t)filter_idx + 1U) % WINDOW_SIZE);
 337              		.loc 1 43 18
 338 0176 2300F600 		sb	a5,0(a2)
  45:hcsr04.c      ****     int32_t sorted[WINDOW_SIZE];
 339              		.loc 1 45 5 is_stmt 1
  46:hcsr04.c      ****     (void)memcpy(sorted, filter_buffer, sizeof(sorted)); 
 340              		.loc 1 46 5
  46:hcsr04.c      ****     (void)memcpy(sorted, filter_buffer, sizeof(sorted)); 
 341              		.loc 1 46 11 is_stmt 0
 342 017a 5146     		li	a2,20
 343 017c 97000000 		call	memcpy
 343      E7800000 
 344              	.LVL12:
  48:hcsr04.c      ****     for (uint8_t i = 0U; i < (WINDOW_SIZE - 1U); i++) 
 345              		.loc 1 48 5 is_stmt 1
 346              	.LBB11:
  48:hcsr04.c      ****     for (uint8_t i = 0U; i < (WINDOW_SIZE - 1U); i++) 
 347              		.loc 1 48 10
 348              	.LBE11:
  46:hcsr04.c      ****     (void)memcpy(sorted, filter_buffer, sizeof(sorted)); 
 349              		.loc 1 46 11 is_stmt 0
 350 0184 1147     		li	a4,4
GAS LISTING C:\Users\zanil\AppData\Local\Temp\ccdAnRGh.s 			page 11


 351              	.LVL13:
 352              	.L19:
 353              	.LBB14:
 354              	.LBB12:
  50:hcsr04.c      ****         for (uint8_t j = 0U; j < (WINDOW_SIZE - 1U - i); j++) 
 355              		.loc 1 50 22
 356 0186 8147     		li	a5,0
 357 0188 35A0     		j	.L23
 358              	.LVL14:
 359              	.L21:
  52:hcsr04.c      ****             if (sorted[j] > sorted[j + 1U]) 
 360              		.loc 1 52 13 is_stmt 1
  52:hcsr04.c      ****             if (sorted[j] > sorted[j + 1U]) 
 361              		.loc 1 52 23 is_stmt 0
 362 018a 13962700 		slli	a2,a5,2
 363 018e 1410     		addi	a3,sp,32
  52:hcsr04.c      ****             if (sorted[j] > sorted[j + 1U]) 
 364              		.loc 1 52 38
 365 0190 8507     		addi	a5,a5,1
 366              	.LVL15:
  52:hcsr04.c      ****             if (sorted[j] > sorted[j + 1U]) 
 367              		.loc 1 52 23
 368 0192 3696     		add	a2,a3,a2
  52:hcsr04.c      ****             if (sorted[j] > sorted[j + 1U]) 
 369              		.loc 1 52 35
 370 0194 0810     		addi	a0,sp,32
 371 0196 93962700 		slli	a3,a5,2
 372 019a AA96     		add	a3,a0,a3
  52:hcsr04.c      ****             if (sorted[j] > sorted[j + 1U]) 
 373              		.loc 1 52 23
 374 019c 8325C6FE 		lw	a1,-20(a2)
  52:hcsr04.c      ****             if (sorted[j] > sorted[j + 1U]) 
 375              		.loc 1 52 35
 376 01a0 03A5C6FE 		lw	a0,-20(a3)
  52:hcsr04.c      ****             if (sorted[j] > sorted[j + 1U]) 
 377              		.loc 1 52 16
 378 01a4 6356B500 		ble	a1,a0,.L20
 379              	.LBB13:
  54:hcsr04.c      ****                 int32_t tmp = sorted[j];
 380              		.loc 1 54 17 is_stmt 1
 381              	.LVL16:
  55:hcsr04.c      ****                 sorted[j] = sorted[j + 1U];
 382              		.loc 1 55 17
  55:hcsr04.c      ****                 sorted[j] = sorted[j + 1U];
 383              		.loc 1 55 27 is_stmt 0
 384 01a8 2326A6FE 		sw	a0,-20(a2)
  56:hcsr04.c      ****                 sorted[j + 1U] = tmp;
 385              		.loc 1 56 17 is_stmt 1
  56:hcsr04.c      ****                 sorted[j + 1U] = tmp;
 386              		.loc 1 56 32 is_stmt 0
 387 01ac 23A6B6FE 		sw	a1,-20(a3)
 388              	.LVL17:
 389              	.L20:
 390              	.LBE13:
  50:hcsr04.c      ****         for (uint8_t j = 0U; j < (WINDOW_SIZE - 1U - i); j++) 
 391              		.loc 1 50 59
 392 01b0 93F7F70F 		andi	a5,a5,0xff
GAS LISTING C:\Users\zanil\AppData\Local\Temp\ccdAnRGh.s 			page 12


 393              	.LVL18:
 394              	.L23:
  50:hcsr04.c      ****         for (uint8_t j = 0U; j < (WINDOW_SIZE - 1U - i); j++) 
 395              		.loc 1 50 9
 396 01b4 E3EBE7FC 		bltu	a5,a4,.L21
 397              	.LVL19:
 398 01b8 7D17     		addi	a4,a4,-1
 399              	.LVL20:
 400              	.LBE12:
  48:hcsr04.c      ****     for (uint8_t i = 0U; i < (WINDOW_SIZE - 1U); i++) 
 401              		.loc 1 48 5
 402 01ba 71F7     		bne	a4,zero,.L19
 403              	.LBE14:
  60:hcsr04.c      ****     return sorted[WINDOW_SIZE / 2U];
 404              		.loc 1 60 5 is_stmt 1
 405              	.LVL21:
 406              	.LBE16:
 407              	.LBE18:
 118:hcsr04.c      ****             distance = apply_median_filter(raw_distance); 
 408              		.loc 1 118 22 is_stmt 0
 409 01bc 5247     		lw	a4,20(sp)
 410 01be B7070000 		lui	a5,%hi(.LANCHOR0)
 121:hcsr04.c      ****             current_state = STATE_IDLE;
 411              		.loc 1 121 27
 412 01c2 23200400 		sw	zero,0(s0)
 118:hcsr04.c      ****             distance = apply_median_filter(raw_distance); 
 413              		.loc 1 118 22
 414 01c6 23A0E700 		sw	a4,%lo(.LANCHOR0)(a5)
 120:hcsr04.c      ****             error_count = 0;
 415              		.loc 1 120 13 is_stmt 1
 120:hcsr04.c      ****             error_count = 0;
 416              		.loc 1 120 25 is_stmt 0
 417 01ca B7070000 		lui	a5,%hi(.LANCHOR6)
 418 01ce 23A00700 		sw	zero,%lo(.LANCHOR6)(a5)
 121:hcsr04.c      ****             current_state = STATE_IDLE;
 419              		.loc 1 121 13 is_stmt 1
 420              	.LBE19:
 421 01d2 B5BD     		j	.L4
 422              	.L18:
 124:hcsr04.c      ****         else if(MTIME_LO - start_time > TIME_OUT_40MS)
 423              		.loc 1 124 14
 124:hcsr04.c      ****         else if(MTIME_LO - start_time > TIME_OUT_40MS)
 424              		.loc 1 124 26 is_stmt 0
 425 01d4 9C42     		lw	a5,0(a3)
 426 01d6 1D8F     		sub	a4,a4,a5
 124:hcsr04.c      ****         else if(MTIME_LO - start_time > TIME_OUT_40MS)
 427              		.loc 1 124 16
 428 01d8 B7871000 		li	a5,1081344
 429 01dc 938707AC 		addi	a5,a5,-1344
 430 01e0 1DBF     		j	.L28
 431              	.L6:
 129:hcsr04.c      ****         if(error_count < 250U)
 432              		.loc 1 129 9 is_stmt 1
 129:hcsr04.c      ****         if(error_count < 250U)
 433              		.loc 1 129 24 is_stmt 0
 434 01e2 B7070000 		lui	a5,%hi(.LANCHOR6)
 435 01e6 03A70700 		lw	a4,%lo(.LANCHOR6)(a5)
GAS LISTING C:\Users\zanil\AppData\Local\Temp\ccdAnRGh.s 			page 13


 129:hcsr04.c      ****         if(error_count < 250U)
 436              		.loc 1 129 11
 437 01ea 9306900F 		li	a3,249
 438 01ee 93870700 		addi	a5,a5,%lo(.LANCHOR6)
 439 01f2 63E4E600 		bgtu	a4,a3,.L25
 130:hcsr04.c      ****         {error_count++;}
 440              		.loc 1 130 10 is_stmt 1
 130:hcsr04.c      ****         {error_count++;}
 441              		.loc 1 130 21 is_stmt 0
 442 01f6 0507     		addi	a4,a4,1
 443 01f8 98C3     		sw	a4,0(a5)
 444              	.L25:
 132:hcsr04.c      ****         if(error_count > 3U)
 445              		.loc 1 132 9 is_stmt 1
 132:hcsr04.c      ****         if(error_count > 3U)
 446              		.loc 1 132 11 is_stmt 0
 447 01fa 9843     		lw	a4,0(a5)
 448 01fc 8D47     		li	a5,3
 449 01fe 63F7E700 		bleu	a4,a5,.L26
 133:hcsr04.c      ****         {distance = -1;}
 450              		.loc 1 133 10 is_stmt 1
 133:hcsr04.c      ****         {distance = -1;}
 451              		.loc 1 133 19 is_stmt 0
 452 0202 B7070000 		lui	a5,%hi(.LANCHOR0)
 453 0206 7D57     		li	a4,-1
 454 0208 23A0E700 		sw	a4,%lo(.LANCHOR0)(a5)
 455              	.L26:
 135:hcsr04.c      ****         current_state = STATE_IDLE;
 456              		.loc 1 135 9 is_stmt 1
 136:hcsr04.c      ****         last_trig_time = MTIME_LO;
 457              		.loc 1 136 26 is_stmt 0
 458 020c B70700D1 		li	a5,-788529152
 459 0210 9843     		lw	a4,0(a5)
 136:hcsr04.c      ****         last_trig_time = MTIME_LO;
 460              		.loc 1 136 24
 461 0212 B7070000 		lui	a5,%hi(.LANCHOR2)
 135:hcsr04.c      ****         current_state = STATE_IDLE;
 462              		.loc 1 135 23
 463 0216 23200400 		sw	zero,0(s0)
 136:hcsr04.c      ****         last_trig_time = MTIME_LO;
 464              		.loc 1 136 9 is_stmt 1
 136:hcsr04.c      ****         last_trig_time = MTIME_LO;
 465              		.loc 1 136 24 is_stmt 0
 466 021a 23A0E700 		sw	a4,%lo(.LANCHOR2)(a5)
 137:hcsr04.c      ****         break;
 467              		.loc 1 137 9 is_stmt 1
 468 021e 05BD     		j	.L4
 469              	.L5:
 140:hcsr04.c      ****         current_state = STATE_IDLE;
 470              		.loc 1 140 9
 140:hcsr04.c      ****         current_state = STATE_IDLE;
 471              		.loc 1 140 23 is_stmt 0
 472 0220 23200700 		sw	zero,0(a4)
 141:hcsr04.c      ****         break;
 473              		.loc 1 141 9 is_stmt 1
 474              		.loc 1 144 1 is_stmt 0
 475 0224 2DB5     		j	.L4
GAS LISTING C:\Users\zanil\AppData\Local\Temp\ccdAnRGh.s 			page 14


 476              		.cfi_endproc
 477              	.LFE6:
 479              		.section	.bss.filter_buffer,"aw",@nobits
 480              		.align	2
 481              		.set	.LANCHOR5,. + 0
 484              	filter_buffer:
 485 0000 00000000 		.zero	20
 485      00000000 
 485      00000000 
 485      00000000 
 485      00000000 
 486              		.section	.sbss.current_state,"aw",@nobits
 487              		.align	2
 488              		.set	.LANCHOR1,. + 0
 491              	current_state:
 492 0000 00000000 		.zero	4
 493              		.section	.sbss.distance,"aw",@nobits
 494              		.align	2
 495              		.set	.LANCHOR0,. + 0
 498              	distance:
 499 0000 00000000 		.zero	4
 500              		.section	.sbss.error_count,"aw",@nobits
 501              		.align	2
 502              		.set	.LANCHOR6,. + 0
 505              	error_count:
 506 0000 00000000 		.zero	4
 507              		.section	.sbss.filter_idx,"aw",@nobits
 508              		.set	.LANCHOR4,. + 0
 511              	filter_idx:
 512 0000 00       		.zero	1
 513              		.section	.sbss.last_trig_time,"aw",@nobits
 514              		.align	2
 515              		.set	.LANCHOR2,. + 0
 518              	last_trig_time:
 519 0000 00000000 		.zero	4
 520              		.section	.sbss.start_time,"aw",@nobits
 521              		.align	2
 522              		.set	.LANCHOR3,. + 0
 525              	start_time:
 526 0000 00000000 		.zero	4
 527              		.text
 528              	.Letext0:
 529              		.file 2 "c:\\kth\\digtal_teknik\\risc1\\toolchain-gd32v-v202-win\\compiler\\riscv64-unknown-elf\\i
 530              		.file 3 "c:\\kth\\digtal_teknik\\risc1\\toolchain-gd32v-v202-win\\compiler\\riscv64-unknown-elf\\i
 531              		.file 4 "./../../firmware/GD32VF103_standard_peripheral/gd32vf103.h"
 532              		.file 5 "./../../firmware/GD32VF103_standard_peripheral/Include/gd32vf103_rcu.h"
 533              		.file 6 "c:\\kth\\digtal_teknik\\risc1\\toolchain-gd32v-v202-win\\compiler\\lib\\gcc\\riscv64-unkn
 534              		.file 7 "c:\\kth\\digtal_teknik\\risc1\\toolchain-gd32v-v202-win\\compiler\\riscv64-unknown-elf\\i
 535              		.file 8 "c:\\kth\\digtal_teknik\\risc1\\toolchain-gd32v-v202-win\\compiler\\riscv64-unknown-elf\\i
 536              		.file 9 "c:\\kth\\digtal_teknik\\risc1\\toolchain-gd32v-v202-win\\compiler\\riscv64-unknown-elf\\i
 537              		.file 10 "./../../firmware/GD32VF103_standard_peripheral/system_gd32vf103.h"
 538              		.file 11 "./../../firmware/GD32VF103_standard_peripheral/Include/gd32vf103_gpio.h"
 539              		.file 12 "<built-in>"
GAS LISTING C:\Users\zanil\AppData\Local\Temp\ccdAnRGh.s 			page 15


DEFINED SYMBOLS
                            *ABS*:0000000000000000 hcsr04.c
C:\Users\zanil\AppData\Local\Temp\ccdAnRGh.s:13     .text.hcsr04_init:0000000000000000 hcsr04_init
C:\Users\zanil\AppData\Local\Temp\ccdAnRGh.s:17     .text.hcsr04_init:0000000000000000 .L0 
C:\Users\zanil\AppData\Local\Temp\ccdAnRGh.s:18     .text.hcsr04_init:0000000000000000 .L0 
C:\Users\zanil\AppData\Local\Temp\ccdAnRGh.s:19     .text.hcsr04_init:0000000000000000 .L0 
C:\Users\zanil\AppData\Local\Temp\ccdAnRGh.s:20     .text.hcsr04_init:0000000000000000 .L0 
C:\Users\zanil\AppData\Local\Temp\ccdAnRGh.s:22     .text.hcsr04_init:0000000000000002 .L0 
C:\Users\zanil\AppData\Local\Temp\ccdAnRGh.s:24     .text.hcsr04_init:0000000000000002 .L0 
C:\Users\zanil\AppData\Local\Temp\ccdAnRGh.s:26     .text.hcsr04_init:0000000000000006 .L0 
C:\Users\zanil\AppData\Local\Temp\ccdAnRGh.s:28     .text.hcsr04_init:000000000000000a .L0 
C:\Users\zanil\AppData\Local\Temp\ccdAnRGh.s:29     .text.hcsr04_init:000000000000000a .L0 
C:\Users\zanil\AppData\Local\Temp\ccdAnRGh.s:31     .text.hcsr04_init:000000000000000a .L0 
C:\Users\zanil\AppData\Local\Temp\ccdAnRGh.s:34     .text.hcsr04_init:0000000000000012 .L0 
C:\Users\zanil\AppData\Local\Temp\ccdAnRGh.s:42     .text.hcsr04_init:0000000000000028 .L0 
C:\Users\zanil\AppData\Local\Temp\ccdAnRGh.s:44     .text.hcsr04_init:000000000000002c .L0 
C:\Users\zanil\AppData\Local\Temp\ccdAnRGh.s:45     .text.hcsr04_init:000000000000002e .L0 
C:\Users\zanil\AppData\Local\Temp\ccdAnRGh.s:47     .text.hcsr04_init:0000000000000030 .L0 
C:\Users\zanil\AppData\Local\Temp\ccdAnRGh.s:49     .text.hcsr04_init:0000000000000030 .L0 
C:\Users\zanil\AppData\Local\Temp\ccdAnRGh.s:51     .text.hcsr04_init:0000000000000032 .L0 
C:\Users\zanil\AppData\Local\Temp\ccdAnRGh.s:52     .text.hcsr04_init:0000000000000032 .L0 
C:\Users\zanil\AppData\Local\Temp\ccdAnRGh.s:55     .text.hcsr04_init:0000000000000036 .L0 
C:\Users\zanil\AppData\Local\Temp\ccdAnRGh.s:57     .text.hcsr04_init:0000000000000038 .L0 
C:\Users\zanil\AppData\Local\Temp\ccdAnRGh.s:59     .text.hcsr04_init:0000000000000038 .L0 
C:\Users\zanil\AppData\Local\Temp\ccdAnRGh.s:61     .text.hcsr04_init:0000000000000040 .L0 
C:\Users\zanil\AppData\Local\Temp\ccdAnRGh.s:68     .text.hcsr04_get_distance:0000000000000000 hcsr04_get_distance
C:\Users\zanil\AppData\Local\Temp\ccdAnRGh.s:71     .text.hcsr04_get_distance:0000000000000000 .L0 
C:\Users\zanil\AppData\Local\Temp\ccdAnRGh.s:72     .text.hcsr04_get_distance:0000000000000000 .L0 
C:\Users\zanil\AppData\Local\Temp\ccdAnRGh.s:73     .text.hcsr04_get_distance:0000000000000000 .L0 
C:\Users\zanil\AppData\Local\Temp\ccdAnRGh.s:74     .text.hcsr04_get_distance:0000000000000000 .L0 
C:\Users\zanil\AppData\Local\Temp\ccdAnRGh.s:77     .text.hcsr04_get_distance:000000000000000a .L0 
C:\Users\zanil\AppData\Local\Temp\ccdAnRGh.s:84     .text.hcsr04_tick:0000000000000000 hcsr04_tick
C:\Users\zanil\AppData\Local\Temp\ccdAnRGh.s:87     .text.hcsr04_tick:0000000000000000 .L0 
C:\Users\zanil\AppData\Local\Temp\ccdAnRGh.s:88     .text.hcsr04_tick:0000000000000000 .L0 
C:\Users\zanil\AppData\Local\Temp\ccdAnRGh.s:89     .text.hcsr04_tick:0000000000000000 .L0 
C:\Users\zanil\AppData\Local\Temp\ccdAnRGh.s:90     .text.hcsr04_tick:0000000000000000 .L0 
C:\Users\zanil\AppData\Local\Temp\ccdAnRGh.s:92     .text.hcsr04_tick:0000000000000002 .L0 
C:\Users\zanil\AppData\Local\Temp\ccdAnRGh.s:94     .text.hcsr04_tick:0000000000000004 .L0 
C:\Users\zanil\AppData\Local\Temp\ccdAnRGh.s:96     .text.hcsr04_tick:0000000000000004 .L0 
C:\Users\zanil\AppData\Local\Temp\ccdAnRGh.s:100    .text.hcsr04_tick:000000000000000e .L0 
C:\Users\zanil\AppData\Local\Temp\ccdAnRGh.s:103    .text.hcsr04_tick:0000000000000014 .L0 
C:\Users\zanil\AppData\Local\Temp\ccdAnRGh.s:104    .text.hcsr04_tick:0000000000000014 .L0 
C:\Users\zanil\AppData\Local\Temp\ccdAnRGh.s:105    .text.hcsr04_tick:0000000000000014 .L0 
C:\Users\zanil\AppData\Local\Temp\ccdAnRGh.s:107    .text.hcsr04_tick:0000000000000014 .L0 
C:\Users\zanil\AppData\Local\Temp\ccdAnRGh.s:130    .text.hcsr04_tick:000000000000002e .L0 
C:\Users\zanil\AppData\Local\Temp\ccdAnRGh.s:131    .text.hcsr04_tick:000000000000002e .L0 
C:\Users\zanil\AppData\Local\Temp\ccdAnRGh.s:134    .text.hcsr04_tick:0000000000000034 .L0 
C:\Users\zanil\AppData\Local\Temp\ccdAnRGh.s:138    .text.hcsr04_tick:000000000000003e .L0 
C:\Users\zanil\AppData\Local\Temp\ccdAnRGh.s:142    .text.hcsr04_tick:000000000000004a .L0 
C:\Users\zanil\AppData\Local\Temp\ccdAnRGh.s:143    .text.hcsr04_tick:000000000000004a .L0 
C:\Users\zanil\AppData\Local\Temp\ccdAnRGh.s:146    .text.hcsr04_tick:000000000000004c .L0 
C:\Users\zanil\AppData\Local\Temp\ccdAnRGh.s:149    .text.hcsr04_tick:000000000000004e .L0 
C:\Users\zanil\AppData\Local\Temp\ccdAnRGh.s:150    .text.hcsr04_tick:000000000000004e .L0 
C:\Users\zanil\AppData\Local\Temp\ccdAnRGh.s:151    .text.hcsr04_tick:0000000000000050 .L0 
C:\Users\zanil\AppData\Local\Temp\ccdAnRGh.s:152    .text.hcsr04_tick:0000000000000050 .L0 
C:\Users\zanil\AppData\Local\Temp\ccdAnRGh.s:154    .text.hcsr04_tick:0000000000000052 .L0 
C:\Users\zanil\AppData\Local\Temp\ccdAnRGh.s:156    .text.hcsr04_tick:0000000000000054 .L0 
GAS LISTING C:\Users\zanil\AppData\Local\Temp\ccdAnRGh.s 			page 16


C:\Users\zanil\AppData\Local\Temp\ccdAnRGh.s:158    .text.hcsr04_tick:0000000000000056 .L0 
C:\Users\zanil\AppData\Local\Temp\ccdAnRGh.s:161    .text.hcsr04_tick:0000000000000058 .L0 
C:\Users\zanil\AppData\Local\Temp\ccdAnRGh.s:165    .text.hcsr04_tick:000000000000005a .L0 
C:\Users\zanil\AppData\Local\Temp\ccdAnRGh.s:167    .text.hcsr04_tick:000000000000005a .L0 
C:\Users\zanil\AppData\Local\Temp\ccdAnRGh.s:173    .text.hcsr04_tick:000000000000006c .L0 
C:\Users\zanil\AppData\Local\Temp\ccdAnRGh.s:174    .text.hcsr04_tick:000000000000006c .L0 
C:\Users\zanil\AppData\Local\Temp\ccdAnRGh.s:177    .text.hcsr04_tick:0000000000000072 .L0 
C:\Users\zanil\AppData\Local\Temp\ccdAnRGh.s:180    .text.hcsr04_tick:000000000000007a .L0 
C:\Users\zanil\AppData\Local\Temp\ccdAnRGh.s:181    .text.hcsr04_tick:000000000000007a .L0 
C:\Users\zanil\AppData\Local\Temp\ccdAnRGh.s:185    .text.hcsr04_tick:000000000000007e .L0 
C:\Users\zanil\AppData\Local\Temp\ccdAnRGh.s:186    .text.hcsr04_tick:000000000000007e .L0 
C:\Users\zanil\AppData\Local\Temp\ccdAnRGh.s:188    .text.hcsr04_tick:0000000000000082 .L0 
C:\Users\zanil\AppData\Local\Temp\ccdAnRGh.s:190    .text.hcsr04_tick:0000000000000086 .L0 
C:\Users\zanil\AppData\Local\Temp\ccdAnRGh.s:193    .text.hcsr04_tick:000000000000008c .L0 
C:\Users\zanil\AppData\Local\Temp\ccdAnRGh.s:195    .text.hcsr04_tick:0000000000000090 .L0 
C:\Users\zanil\AppData\Local\Temp\ccdAnRGh.s:197    .text.hcsr04_tick:0000000000000092 .L0 
C:\Users\zanil\AppData\Local\Temp\ccdAnRGh.s:200    .text.hcsr04_tick:000000000000009a .L0 
C:\Users\zanil\AppData\Local\Temp\ccdAnRGh.s:206    .text.hcsr04_tick:00000000000000ac .L0 
C:\Users\zanil\AppData\Local\Temp\ccdAnRGh.s:207    .text.hcsr04_tick:00000000000000ac .L0 
C:\Users\zanil\AppData\Local\Temp\ccdAnRGh.s:209    .text.hcsr04_tick:00000000000000b0 .L0 
C:\Users\zanil\AppData\Local\Temp\ccdAnRGh.s:211    .text.hcsr04_tick:00000000000000b2 .L0 
C:\Users\zanil\AppData\Local\Temp\ccdAnRGh.s:212    .text.hcsr04_tick:00000000000000b2 .L0 
C:\Users\zanil\AppData\Local\Temp\ccdAnRGh.s:216    .text.hcsr04_tick:00000000000000b6 .L0 
C:\Users\zanil\AppData\Local\Temp\ccdAnRGh.s:217    .text.hcsr04_tick:00000000000000b6 .L0 
C:\Users\zanil\AppData\Local\Temp\ccdAnRGh.s:220    .text.hcsr04_tick:00000000000000bc .L0 
C:\Users\zanil\AppData\Local\Temp\ccdAnRGh.s:224    .text.hcsr04_tick:00000000000000c6 .L0 
C:\Users\zanil\AppData\Local\Temp\ccdAnRGh.s:228    .text.hcsr04_tick:00000000000000d0 .L0 
C:\Users\zanil\AppData\Local\Temp\ccdAnRGh.s:229    .text.hcsr04_tick:00000000000000d0 .L0 
C:\Users\zanil\AppData\Local\Temp\ccdAnRGh.s:233    .text.hcsr04_tick:00000000000000d4 .L0 
C:\Users\zanil\AppData\Local\Temp\ccdAnRGh.s:234    .text.hcsr04_tick:00000000000000d4 .L0 
C:\Users\zanil\AppData\Local\Temp\ccdAnRGh.s:240    .text.hcsr04_tick:00000000000000e6 .L0 
C:\Users\zanil\AppData\Local\Temp\ccdAnRGh.s:243    .text.hcsr04_tick:00000000000000ec .L0 
C:\Users\zanil\AppData\Local\Temp\ccdAnRGh.s:244    .text.hcsr04_tick:00000000000000ec .L0 
C:\Users\zanil\AppData\Local\Temp\ccdAnRGh.s:247    .text.hcsr04_tick:00000000000000f2 .L0 
C:\Users\zanil\AppData\Local\Temp\ccdAnRGh.s:250    .text.hcsr04_tick:00000000000000fa .L0 
C:\Users\zanil\AppData\Local\Temp\ccdAnRGh.s:251    .text.hcsr04_tick:00000000000000fa .L0 
C:\Users\zanil\AppData\Local\Temp\ccdAnRGh.s:255    .text.hcsr04_tick:00000000000000fe .L0 
C:\Users\zanil\AppData\Local\Temp\ccdAnRGh.s:256    .text.hcsr04_tick:00000000000000fe .L0 
C:\Users\zanil\AppData\Local\Temp\ccdAnRGh.s:259    .text.hcsr04_tick:0000000000000104 .L0 
C:\Users\zanil\AppData\Local\Temp\ccdAnRGh.s:263    .text.hcsr04_tick:000000000000010e .L0 
C:\Users\zanil\AppData\Local\Temp\ccdAnRGh.s:268    .text.hcsr04_tick:000000000000011a .L0 
C:\Users\zanil\AppData\Local\Temp\ccdAnRGh.s:269    .text.hcsr04_tick:000000000000011a .L0 
C:\Users\zanil\AppData\Local\Temp\ccdAnRGh.s:273    .text.hcsr04_tick:000000000000011e .L0 
C:\Users\zanil\AppData\Local\Temp\ccdAnRGh.s:274    .text.hcsr04_tick:000000000000011e .L0 
C:\Users\zanil\AppData\Local\Temp\ccdAnRGh.s:281    .text.hcsr04_tick:0000000000000130 .L0 
C:\Users\zanil\AppData\Local\Temp\ccdAnRGh.s:287    .text.hcsr04_tick:000000000000013e .L0 
C:\Users\zanil\AppData\Local\Temp\ccdAnRGh.s:290    .text.hcsr04_tick:0000000000000140 .L0 
C:\Users\zanil\AppData\Local\Temp\ccdAnRGh.s:292    .text.hcsr04_tick:0000000000000140 .L0 
C:\Users\zanil\AppData\Local\Temp\ccdAnRGh.s:295    .text.hcsr04_tick:0000000000000140 .L0 
C:\Users\zanil\AppData\Local\Temp\ccdAnRGh.s:298    .text.hcsr04_tick:0000000000000140 .L0 
C:\Users\zanil\AppData\Local\Temp\ccdAnRGh.s:299    .text.hcsr04_tick:0000000000000140 .L0 
C:\Users\zanil\AppData\Local\Temp\ccdAnRGh.s:303    .text.hcsr04_tick:0000000000000142 .L0 
C:\Users\zanil\AppData\Local\Temp\ccdAnRGh.s:308    .text.hcsr04_tick:000000000000014a .L0 
C:\Users\zanil\AppData\Local\Temp\ccdAnRGh.s:311    .text.hcsr04_tick:000000000000014c .L0 
C:\Users\zanil\AppData\Local\Temp\ccdAnRGh.s:317    .text.hcsr04_tick:0000000000000154 .L0 
C:\Users\zanil\AppData\Local\Temp\ccdAnRGh.s:319    .text.hcsr04_tick:0000000000000158 .L0 
C:\Users\zanil\AppData\Local\Temp\ccdAnRGh.s:324    .text.hcsr04_tick:0000000000000166 .L0 
GAS LISTING C:\Users\zanil\AppData\Local\Temp\ccdAnRGh.s 			page 17


C:\Users\zanil\AppData\Local\Temp\ccdAnRGh.s:326    .text.hcsr04_tick:0000000000000168 .L0 
C:\Users\zanil\AppData\Local\Temp\ccdAnRGh.s:328    .text.hcsr04_tick:000000000000016c .L0 
C:\Users\zanil\AppData\Local\Temp\ccdAnRGh.s:330    .text.hcsr04_tick:000000000000016e .L0 
C:\Users\zanil\AppData\Local\Temp\ccdAnRGh.s:331    .text.hcsr04_tick:000000000000016e .L0 
C:\Users\zanil\AppData\Local\Temp\ccdAnRGh.s:335    .text.hcsr04_tick:0000000000000174 .L0 
C:\Users\zanil\AppData\Local\Temp\ccdAnRGh.s:338    .text.hcsr04_tick:0000000000000176 .L0 
C:\Users\zanil\AppData\Local\Temp\ccdAnRGh.s:340    .text.hcsr04_tick:000000000000017a .L0 
C:\Users\zanil\AppData\Local\Temp\ccdAnRGh.s:341    .text.hcsr04_tick:000000000000017a .L0 
C:\Users\zanil\AppData\Local\Temp\ccdAnRGh.s:342    .text.hcsr04_tick:000000000000017a .L0 
C:\Users\zanil\AppData\Local\Temp\ccdAnRGh.s:347    .text.hcsr04_tick:0000000000000184 .L0 
C:\Users\zanil\AppData\Local\Temp\ccdAnRGh.s:349    .text.hcsr04_tick:0000000000000184 .L0 
C:\Users\zanil\AppData\Local\Temp\ccdAnRGh.s:350    .text.hcsr04_tick:0000000000000184 .L0 
C:\Users\zanil\AppData\Local\Temp\ccdAnRGh.s:356    .text.hcsr04_tick:0000000000000186 .L0 
C:\Users\zanil\AppData\Local\Temp\ccdAnRGh.s:361    .text.hcsr04_tick:000000000000018a .L0 
C:\Users\zanil\AppData\Local\Temp\ccdAnRGh.s:362    .text.hcsr04_tick:000000000000018a .L0 
C:\Users\zanil\AppData\Local\Temp\ccdAnRGh.s:365    .text.hcsr04_tick:0000000000000190 .L0 
C:\Users\zanil\AppData\Local\Temp\ccdAnRGh.s:368    .text.hcsr04_tick:0000000000000192 .L0 
C:\Users\zanil\AppData\Local\Temp\ccdAnRGh.s:370    .text.hcsr04_tick:0000000000000194 .L0 
C:\Users\zanil\AppData\Local\Temp\ccdAnRGh.s:374    .text.hcsr04_tick:000000000000019c .L0 
C:\Users\zanil\AppData\Local\Temp\ccdAnRGh.s:376    .text.hcsr04_tick:00000000000001a0 .L0 
C:\Users\zanil\AppData\Local\Temp\ccdAnRGh.s:378    .text.hcsr04_tick:00000000000001a4 .L0 
C:\Users\zanil\AppData\Local\Temp\ccdAnRGh.s:382    .text.hcsr04_tick:00000000000001a8 .L0 
C:\Users\zanil\AppData\Local\Temp\ccdAnRGh.s:383    .text.hcsr04_tick:00000000000001a8 .L0 
C:\Users\zanil\AppData\Local\Temp\ccdAnRGh.s:384    .text.hcsr04_tick:00000000000001a8 .L0 
C:\Users\zanil\AppData\Local\Temp\ccdAnRGh.s:386    .text.hcsr04_tick:00000000000001ac .L0 
C:\Users\zanil\AppData\Local\Temp\ccdAnRGh.s:387    .text.hcsr04_tick:00000000000001ac .L0 
C:\Users\zanil\AppData\Local\Temp\ccdAnRGh.s:392    .text.hcsr04_tick:00000000000001b0 .L0 
C:\Users\zanil\AppData\Local\Temp\ccdAnRGh.s:396    .text.hcsr04_tick:00000000000001b4 .L0 
C:\Users\zanil\AppData\Local\Temp\ccdAnRGh.s:402    .text.hcsr04_tick:00000000000001ba .L0 
C:\Users\zanil\AppData\Local\Temp\ccdAnRGh.s:408    .text.hcsr04_tick:00000000000001bc .L0 
C:\Users\zanil\AppData\Local\Temp\ccdAnRGh.s:409    .text.hcsr04_tick:00000000000001bc .L0 
C:\Users\zanil\AppData\Local\Temp\ccdAnRGh.s:412    .text.hcsr04_tick:00000000000001c2 .L0 
C:\Users\zanil\AppData\Local\Temp\ccdAnRGh.s:414    .text.hcsr04_tick:00000000000001c6 .L0 
C:\Users\zanil\AppData\Local\Temp\ccdAnRGh.s:416    .text.hcsr04_tick:00000000000001ca .L0 
C:\Users\zanil\AppData\Local\Temp\ccdAnRGh.s:417    .text.hcsr04_tick:00000000000001ca .L0 
C:\Users\zanil\AppData\Local\Temp\ccdAnRGh.s:421    .text.hcsr04_tick:00000000000001d2 .L0 
C:\Users\zanil\AppData\Local\Temp\ccdAnRGh.s:424    .text.hcsr04_tick:00000000000001d4 .L0 
C:\Users\zanil\AppData\Local\Temp\ccdAnRGh.s:425    .text.hcsr04_tick:00000000000001d4 .L0 
C:\Users\zanil\AppData\Local\Temp\ccdAnRGh.s:428    .text.hcsr04_tick:00000000000001d8 .L0 
C:\Users\zanil\AppData\Local\Temp\ccdAnRGh.s:433    .text.hcsr04_tick:00000000000001e2 .L0 
C:\Users\zanil\AppData\Local\Temp\ccdAnRGh.s:434    .text.hcsr04_tick:00000000000001e2 .L0 
C:\Users\zanil\AppData\Local\Temp\ccdAnRGh.s:437    .text.hcsr04_tick:00000000000001ea .L0 
C:\Users\zanil\AppData\Local\Temp\ccdAnRGh.s:441    .text.hcsr04_tick:00000000000001f6 .L0 
C:\Users\zanil\AppData\Local\Temp\ccdAnRGh.s:442    .text.hcsr04_tick:00000000000001f6 .L0 
C:\Users\zanil\AppData\Local\Temp\ccdAnRGh.s:446    .text.hcsr04_tick:00000000000001fa .L0 
C:\Users\zanil\AppData\Local\Temp\ccdAnRGh.s:447    .text.hcsr04_tick:00000000000001fa .L0 
C:\Users\zanil\AppData\Local\Temp\ccdAnRGh.s:451    .text.hcsr04_tick:0000000000000202 .L0 
C:\Users\zanil\AppData\Local\Temp\ccdAnRGh.s:452    .text.hcsr04_tick:0000000000000202 .L0 
C:\Users\zanil\AppData\Local\Temp\ccdAnRGh.s:457    .text.hcsr04_tick:000000000000020c .L0 
C:\Users\zanil\AppData\Local\Temp\ccdAnRGh.s:458    .text.hcsr04_tick:000000000000020c .L0 
C:\Users\zanil\AppData\Local\Temp\ccdAnRGh.s:461    .text.hcsr04_tick:0000000000000212 .L0 
C:\Users\zanil\AppData\Local\Temp\ccdAnRGh.s:463    .text.hcsr04_tick:0000000000000216 .L0 
C:\Users\zanil\AppData\Local\Temp\ccdAnRGh.s:465    .text.hcsr04_tick:000000000000021a .L0 
C:\Users\zanil\AppData\Local\Temp\ccdAnRGh.s:466    .text.hcsr04_tick:000000000000021a .L0 
C:\Users\zanil\AppData\Local\Temp\ccdAnRGh.s:468    .text.hcsr04_tick:000000000000021e .L0 
C:\Users\zanil\AppData\Local\Temp\ccdAnRGh.s:471    .text.hcsr04_tick:0000000000000220 .L0 
C:\Users\zanil\AppData\Local\Temp\ccdAnRGh.s:472    .text.hcsr04_tick:0000000000000220 .L0 
GAS LISTING C:\Users\zanil\AppData\Local\Temp\ccdAnRGh.s 			page 18


C:\Users\zanil\AppData\Local\Temp\ccdAnRGh.s:474    .text.hcsr04_tick:0000000000000224 .L0 
C:\Users\zanil\AppData\Local\Temp\ccdAnRGh.s:475    .text.hcsr04_tick:0000000000000224 .L0 
C:\Users\zanil\AppData\Local\Temp\ccdAnRGh.s:476    .text.hcsr04_tick:0000000000000226 .L0 
C:\Users\zanil\AppData\Local\Temp\ccdAnRGh.s:481    .bss.filter_buffer:0000000000000000 .LANCHOR5
C:\Users\zanil\AppData\Local\Temp\ccdAnRGh.s:484    .bss.filter_buffer:0000000000000000 filter_buffer
C:\Users\zanil\AppData\Local\Temp\ccdAnRGh.s:488    .sbss.current_state:0000000000000000 .LANCHOR1
C:\Users\zanil\AppData\Local\Temp\ccdAnRGh.s:491    .sbss.current_state:0000000000000000 current_state
C:\Users\zanil\AppData\Local\Temp\ccdAnRGh.s:495    .sbss.distance:0000000000000000 .LANCHOR0
C:\Users\zanil\AppData\Local\Temp\ccdAnRGh.s:498    .sbss.distance:0000000000000000 distance
C:\Users\zanil\AppData\Local\Temp\ccdAnRGh.s:502    .sbss.error_count:0000000000000000 .LANCHOR6
C:\Users\zanil\AppData\Local\Temp\ccdAnRGh.s:505    .sbss.error_count:0000000000000000 error_count
C:\Users\zanil\AppData\Local\Temp\ccdAnRGh.s:508    .sbss.filter_idx:0000000000000000 .LANCHOR4
C:\Users\zanil\AppData\Local\Temp\ccdAnRGh.s:511    .sbss.filter_idx:0000000000000000 filter_idx
C:\Users\zanil\AppData\Local\Temp\ccdAnRGh.s:515    .sbss.last_trig_time:0000000000000000 .LANCHOR2
C:\Users\zanil\AppData\Local\Temp\ccdAnRGh.s:518    .sbss.last_trig_time:0000000000000000 last_trig_time
C:\Users\zanil\AppData\Local\Temp\ccdAnRGh.s:522    .sbss.start_time:0000000000000000 .LANCHOR3
C:\Users\zanil\AppData\Local\Temp\ccdAnRGh.s:525    .sbss.start_time:0000000000000000 start_time
C:\Users\zanil\AppData\Local\Temp\ccdAnRGh.s:64     .text.hcsr04_init:0000000000000040 .L0 
C:\Users\zanil\AppData\Local\Temp\ccdAnRGh.s:80     .text.hcsr04_get_distance:000000000000000a .L0 
C:\Users\zanil\AppData\Local\Temp\ccdAnRGh.s:479    .text.hcsr04_tick:0000000000000226 .L0 
                     .debug_frame:0000000000000000 .L0 
C:\Users\zanil\AppData\Local\Temp\ccdAnRGh.s:119    .rodata.hcsr04_tick:0000000000000000 .L7
C:\Users\zanil\AppData\Local\Temp\ccdAnRGh.s:469    .text.hcsr04_tick:0000000000000220 .L5
C:\Users\zanil\AppData\Local\Temp\ccdAnRGh.s:148    .text.hcsr04_tick:000000000000004e .L4
C:\Users\zanil\AppData\Local\Temp\ccdAnRGh.s:144    .text.hcsr04_tick:000000000000004c .L29
C:\Users\zanil\AppData\Local\Temp\ccdAnRGh.s:253    .text.hcsr04_tick:00000000000000fe .L17
C:\Users\zanil\AppData\Local\Temp\ccdAnRGh.s:422    .text.hcsr04_tick:00000000000001d4 .L18
C:\Users\zanil\AppData\Local\Temp\ccdAnRGh.s:394    .text.hcsr04_tick:00000000000001b4 .L23
C:\Users\zanil\AppData\Local\Temp\ccdAnRGh.s:389    .text.hcsr04_tick:00000000000001b0 .L20
C:\Users\zanil\AppData\Local\Temp\ccdAnRGh.s:359    .text.hcsr04_tick:000000000000018a .L21
C:\Users\zanil\AppData\Local\Temp\ccdAnRGh.s:352    .text.hcsr04_tick:0000000000000186 .L19
C:\Users\zanil\AppData\Local\Temp\ccdAnRGh.s:265    .text.hcsr04_tick:0000000000000116 .L28
C:\Users\zanil\AppData\Local\Temp\ccdAnRGh.s:444    .text.hcsr04_tick:00000000000001fa .L25
C:\Users\zanil\AppData\Local\Temp\ccdAnRGh.s:455    .text.hcsr04_tick:000000000000020c .L26
C:\Users\zanil\AppData\Local\Temp\ccdAnRGh.s:128    .text.hcsr04_tick:000000000000002e .L13
C:\Users\zanil\AppData\Local\Temp\ccdAnRGh.s:163    .text.hcsr04_tick:000000000000005a .L12
C:\Users\zanil\AppData\Local\Temp\ccdAnRGh.s:183    .text.hcsr04_tick:000000000000007e .L11
C:\Users\zanil\AppData\Local\Temp\ccdAnRGh.s:214    .text.hcsr04_tick:00000000000000b6 .L10
C:\Users\zanil\AppData\Local\Temp\ccdAnRGh.s:231    .text.hcsr04_tick:00000000000000d4 .L9
C:\Users\zanil\AppData\Local\Temp\ccdAnRGh.s:271    .text.hcsr04_tick:000000000000011e .L8
C:\Users\zanil\AppData\Local\Temp\ccdAnRGh.s:431    .text.hcsr04_tick:00000000000001e2 .L6
C:\Users\zanil\AppData\Local\Temp\ccdAnRGh.s:2555   .debug_abbrev:0000000000000000 .Ldebug_abbrev0
C:\Users\zanil\AppData\Local\Temp\ccdAnRGh.s:3875   .debug_str:00000000000006ef .LASF190
C:\Users\zanil\AppData\Local\Temp\ccdAnRGh.s:3583   .debug_str:0000000000000106 .LASF191
C:\Users\zanil\AppData\Local\Temp\ccdAnRGh.s:3787   .debug_str:0000000000000503 .LASF192
C:\Users\zanil\AppData\Local\Temp\ccdAnRGh.s:3505   .debug_ranges:0000000000000000 .Ldebug_ranges0
C:\Users\zanil\AppData\Local\Temp\ccdAnRGh.s:3535   .debug_line:0000000000000000 .Ldebug_line0
C:\Users\zanil\AppData\Local\Temp\ccdAnRGh.s:3855   .debug_str:0000000000000687 .LASF0
C:\Users\zanil\AppData\Local\Temp\ccdAnRGh.s:3601   .debug_str:0000000000000161 .LASF1
C:\Users\zanil\AppData\Local\Temp\ccdAnRGh.s:3559   .debug_str:0000000000000074 .LASF5
C:\Users\zanil\AppData\Local\Temp\ccdAnRGh.s:3781   .debug_str:00000000000004e3 .LASF2
C:\Users\zanil\AppData\Local\Temp\ccdAnRGh.s:3749   .debug_str:000000000000042f .LASF3
C:\Users\zanil\AppData\Local\Temp\ccdAnRGh.s:3881   .debug_str:000000000000078b .LASF4
C:\Users\zanil\AppData\Local\Temp\ccdAnRGh.s:3717   .debug_str:000000000000037f .LASF6
C:\Users\zanil\AppData\Local\Temp\ccdAnRGh.s:3619   .debug_str:00000000000001af .LASF7
C:\Users\zanil\AppData\Local\Temp\ccdAnRGh.s:3647   .debug_str:000000000000023d .LASF8
C:\Users\zanil\AppData\Local\Temp\ccdAnRGh.s:3677   .debug_str:00000000000002c8 .LASF9
GAS LISTING C:\Users\zanil\AppData\Local\Temp\ccdAnRGh.s 			page 19


C:\Users\zanil\AppData\Local\Temp\ccdAnRGh.s:3631   .debug_str:00000000000001e2 .LASF10
C:\Users\zanil\AppData\Local\Temp\ccdAnRGh.s:3571   .debug_str:00000000000000bd .LASF11
C:\Users\zanil\AppData\Local\Temp\ccdAnRGh.s:3865   .debug_str:00000000000006b6 .LASF12
C:\Users\zanil\AppData\Local\Temp\ccdAnRGh.s:3779   .debug_str:00000000000004db .LASF13
C:\Users\zanil\AppData\Local\Temp\ccdAnRGh.s:3893   .debug_str:00000000000007d3 .LASF14
C:\Users\zanil\AppData\Local\Temp\ccdAnRGh.s:3669   .debug_str:000000000000029c .LASF162
C:\Users\zanil\AppData\Local\Temp\ccdAnRGh.s:3721   .debug_str:0000000000000390 .LASF15
C:\Users\zanil\AppData\Local\Temp\ccdAnRGh.s:3545   .debug_str:0000000000000027 .LASF16
C:\Users\zanil\AppData\Local\Temp\ccdAnRGh.s:3603   .debug_str:000000000000016d .LASF17
C:\Users\zanil\AppData\Local\Temp\ccdAnRGh.s:3597   .debug_str:0000000000000152 .LASF18
C:\Users\zanil\AppData\Local\Temp\ccdAnRGh.s:3859   .debug_str:000000000000069d .LASF19
C:\Users\zanil\AppData\Local\Temp\ccdAnRGh.s:3629   .debug_str:00000000000001d8 .LASF20
C:\Users\zanil\AppData\Local\Temp\ccdAnRGh.s:3767   .debug_str:0000000000000499 .LASF21
C:\Users\zanil\AppData\Local\Temp\ccdAnRGh.s:3769   .debug_str:00000000000004a4 .LASF22
C:\Users\zanil\AppData\Local\Temp\ccdAnRGh.s:3771   .debug_str:00000000000004af .LASF23
C:\Users\zanil\AppData\Local\Temp\ccdAnRGh.s:3773   .debug_str:00000000000004ba .LASF24
C:\Users\zanil\AppData\Local\Temp\ccdAnRGh.s:3775   .debug_str:00000000000004c5 .LASF25
C:\Users\zanil\AppData\Local\Temp\ccdAnRGh.s:3777   .debug_str:00000000000004d0 .LASF26
C:\Users\zanil\AppData\Local\Temp\ccdAnRGh.s:3873   .debug_str:00000000000006e5 .LASF27
C:\Users\zanil\AppData\Local\Temp\ccdAnRGh.s:3541   .debug_str:0000000000000015 .LASF28
C:\Users\zanil\AppData\Local\Temp\ccdAnRGh.s:3543   .debug_str:000000000000001e .LASF29
C:\Users\zanil\AppData\Local\Temp\ccdAnRGh.s:3743   .debug_str:0000000000000411 .LASF30
C:\Users\zanil\AppData\Local\Temp\ccdAnRGh.s:3745   .debug_str:000000000000041c .LASF31
C:\Users\zanil\AppData\Local\Temp\ccdAnRGh.s:3573   .debug_str:00000000000000d4 .LASF32
C:\Users\zanil\AppData\Local\Temp\ccdAnRGh.s:3575   .debug_str:00000000000000de .LASF33
C:\Users\zanil\AppData\Local\Temp\ccdAnRGh.s:3911   .debug_str:0000000000000829 .LASF34
C:\Users\zanil\AppData\Local\Temp\ccdAnRGh.s:3835   .debug_str:0000000000000629 .LASF35
C:\Users\zanil\AppData\Local\Temp\ccdAnRGh.s:3641   .debug_str:000000000000021e .LASF36
C:\Users\zanil\AppData\Local\Temp\ccdAnRGh.s:3595   .debug_str:0000000000000149 .LASF37
C:\Users\zanil\AppData\Local\Temp\ccdAnRGh.s:3731   .debug_str:00000000000003c9 .LASF38
C:\Users\zanil\AppData\Local\Temp\ccdAnRGh.s:3889   .debug_str:00000000000007b8 .LASF39
C:\Users\zanil\AppData\Local\Temp\ccdAnRGh.s:3697   .debug_str:0000000000000327 .LASF40
C:\Users\zanil\AppData\Local\Temp\ccdAnRGh.s:3687   .debug_str:00000000000002f7 .LASF41
C:\Users\zanil\AppData\Local\Temp\ccdAnRGh.s:3555   .debug_str:000000000000005f .LASF42
C:\Users\zanil\AppData\Local\Temp\ccdAnRGh.s:3579   .debug_str:00000000000000f1 .LASF43
C:\Users\zanil\AppData\Local\Temp\ccdAnRGh.s:3671   .debug_str:00000000000002ac .LASF44
C:\Users\zanil\AppData\Local\Temp\ccdAnRGh.s:3673   .debug_str:00000000000002b6 .LASF45
C:\Users\zanil\AppData\Local\Temp\ccdAnRGh.s:3585   .debug_str:000000000000010f .LASF46
C:\Users\zanil\AppData\Local\Temp\ccdAnRGh.s:3587   .debug_str:0000000000000119 .LASF47
C:\Users\zanil\AppData\Local\Temp\ccdAnRGh.s:3683   .debug_str:00000000000002e5 .LASF48
C:\Users\zanil\AppData\Local\Temp\ccdAnRGh.s:3685   .debug_str:00000000000002ee .LASF49
C:\Users\zanil\AppData\Local\Temp\ccdAnRGh.s:3765   .debug_str:000000000000048e .LASF50
C:\Users\zanil\AppData\Local\Temp\ccdAnRGh.s:3539   .debug_str:000000000000000c .LASF51
C:\Users\zanil\AppData\Local\Temp\ccdAnRGh.s:3741   .debug_str:0000000000000406 .LASF52
C:\Users\zanil\AppData\Local\Temp\ccdAnRGh.s:3843   .debug_str:0000000000000653 .LASF53
C:\Users\zanil\AppData\Local\Temp\ccdAnRGh.s:3755   .debug_str:0000000000000453 .LASF54
C:\Users\zanil\AppData\Local\Temp\ccdAnRGh.s:3563   .debug_str:0000000000000087 .LASF55
C:\Users\zanil\AppData\Local\Temp\ccdAnRGh.s:3839   .debug_str:000000000000063c .LASF56
C:\Users\zanil\AppData\Local\Temp\ccdAnRGh.s:3903   .debug_str:00000000000007fb .LASF57
C:\Users\zanil\AppData\Local\Temp\ccdAnRGh.s:3705   .debug_str:0000000000000350 .LASF58
C:\Users\zanil\AppData\Local\Temp\ccdAnRGh.s:3667   .debug_str:0000000000000295 .LASF59
C:\Users\zanil\AppData\Local\Temp\ccdAnRGh.s:3829   .debug_str:0000000000000613 .LASF60
C:\Users\zanil\AppData\Local\Temp\ccdAnRGh.s:3831   .debug_str:000000000000061b .LASF61
C:\Users\zanil\AppData\Local\Temp\ccdAnRGh.s:3763   .debug_str:0000000000000483 .LASF62
C:\Users\zanil\AppData\Local\Temp\ccdAnRGh.s:3885   .debug_str:00000000000007a3 .LASF63
C:\Users\zanil\AppData\Local\Temp\ccdAnRGh.s:3727   .debug_str:00000000000003ac .LASF64
C:\Users\zanil\AppData\Local\Temp\ccdAnRGh.s:3791   .debug_str:0000000000000551 .LASF65
GAS LISTING C:\Users\zanil\AppData\Local\Temp\ccdAnRGh.s 			page 20


C:\Users\zanil\AppData\Local\Temp\ccdAnRGh.s:3657   .debug_str:000000000000026e .LASF70
C:\Users\zanil\AppData\Local\Temp\ccdAnRGh.s:3869   .debug_str:00000000000006d2 .LASF66
C:\Users\zanil\AppData\Local\Temp\ccdAnRGh.s:3819   .debug_str:00000000000005ef .LASF67
C:\Users\zanil\AppData\Local\Temp\ccdAnRGh.s:3651   .debug_str:0000000000000254 .LASF68
C:\Users\zanil\AppData\Local\Temp\ccdAnRGh.s:3899   .debug_str:00000000000007f0 .LASF69
C:\Users\zanil\AppData\Local\Temp\ccdAnRGh.s:3665   .debug_str:0000000000000290 .LASF71
C:\Users\zanil\AppData\Local\Temp\ccdAnRGh.s:3593   .debug_str:0000000000000140 .LASF72
C:\Users\zanil\AppData\Local\Temp\ccdAnRGh.s:3923   .debug_str:0000000000000863 .LASF73
C:\Users\zanil\AppData\Local\Temp\ccdAnRGh.s:3609   .debug_str:0000000000000182 .LASF74
C:\Users\zanil\AppData\Local\Temp\ccdAnRGh.s:3933   .debug_str:0000000000000890 .LASF75
C:\Users\zanil\AppData\Local\Temp\ccdAnRGh.s:3735   .debug_str:00000000000003de .LASF76
C:\Users\zanil\AppData\Local\Temp\ccdAnRGh.s:3845   .debug_str:000000000000065f .LASF77
C:\Users\zanil\AppData\Local\Temp\ccdAnRGh.s:3837   .debug_str:0000000000000632 .LASF78
C:\Users\zanil\AppData\Local\Temp\ccdAnRGh.s:3793   .debug_str:000000000000055a .LASF79
C:\Users\zanil\AppData\Local\Temp\ccdAnRGh.s:3919   .debug_str:0000000000000849 .LASF80
C:\Users\zanil\AppData\Local\Temp\ccdAnRGh.s:3613   .debug_str:0000000000000191 .LASF81
C:\Users\zanil\AppData\Local\Temp\ccdAnRGh.s:3547   .debug_str:0000000000000030 .LASF82
C:\Users\zanil\AppData\Local\Temp\ccdAnRGh.s:3537   .debug_str:0000000000000000 .LASF83
C:\Users\zanil\AppData\Local\Temp\ccdAnRGh.s:3877   .debug_str:0000000000000777 .LASF84
C:\Users\zanil\AppData\Local\Temp\ccdAnRGh.s:3623   .debug_str:00000000000001bf .LASF85
C:\Users\zanil\AppData\Local\Temp\ccdAnRGh.s:3747   .debug_str:0000000000000427 .LASF86
C:\Users\zanil\AppData\Local\Temp\ccdAnRGh.s:3681   .debug_str:00000000000002e0 .LASF87
C:\Users\zanil\AppData\Local\Temp\ccdAnRGh.s:3645   .debug_str:0000000000000238 .LASF88
C:\Users\zanil\AppData\Local\Temp\ccdAnRGh.s:3795   .debug_str:0000000000000564 .LASF89
C:\Users\zanil\AppData\Local\Temp\ccdAnRGh.s:3607   .debug_str:000000000000017c .LASF90
C:\Users\zanil\AppData\Local\Temp\ccdAnRGh.s:3853   .debug_str:0000000000000681 .LASF91
C:\Users\zanil\AppData\Local\Temp\ccdAnRGh.s:3803   .debug_str:000000000000058d .LASF92
C:\Users\zanil\AppData\Local\Temp\ccdAnRGh.s:3621   .debug_str:00000000000001b8 .LASF93
C:\Users\zanil\AppData\Local\Temp\ccdAnRGh.s:3679   .debug_str:00000000000002da .LASF94
C:\Users\zanil\AppData\Local\Temp\ccdAnRGh.s:3577   .debug_str:00000000000000e8 .LASF95
C:\Users\zanil\AppData\Local\Temp\ccdAnRGh.s:3615   .debug_str:000000000000019f .LASF96
C:\Users\zanil\AppData\Local\Temp\ccdAnRGh.s:3663   .debug_str:000000000000028a .LASF97
C:\Users\zanil\AppData\Local\Temp\ccdAnRGh.s:3719   .debug_str:0000000000000389 .LASF98
C:\Users\zanil\AppData\Local\Temp\ccdAnRGh.s:3833   .debug_str:0000000000000623 .LASF99
C:\Users\zanil\AppData\Local\Temp\ccdAnRGh.s:3599   .debug_str:000000000000015a .LASF100
C:\Users\zanil\AppData\Local\Temp\ccdAnRGh.s:3605   .debug_str:0000000000000176 .LASF101
C:\Users\zanil\AppData\Local\Temp\ccdAnRGh.s:3913   .debug_str:0000000000000832 .LASF102
C:\Users\zanil\AppData\Local\Temp\ccdAnRGh.s:3661   .debug_str:0000000000000281 .LASF103
C:\Users\zanil\AppData\Local\Temp\ccdAnRGh.s:3635   .debug_str:00000000000001f8 .LASF104
C:\Users\zanil\AppData\Local\Temp\ccdAnRGh.s:3689   .debug_str:00000000000002ff .LASF105
C:\Users\zanil\AppData\Local\Temp\ccdAnRGh.s:3713   .debug_str:0000000000000373 .LASF106
C:\Users\zanil\AppData\Local\Temp\ccdAnRGh.s:3805   .debug_str:0000000000000595 .LASF107
C:\Users\zanil\AppData\Local\Temp\ccdAnRGh.s:3797   .debug_str:000000000000056b .LASF108
C:\Users\zanil\AppData\Local\Temp\ccdAnRGh.s:3821   .debug_str:00000000000005f7 .LASF109
C:\Users\zanil\AppData\Local\Temp\ccdAnRGh.s:3847   .debug_str:0000000000000669 .LASF110
C:\Users\zanil\AppData\Local\Temp\ccdAnRGh.s:3625   .debug_str:00000000000001c7 .LASF111
C:\Users\zanil\AppData\Local\Temp\ccdAnRGh.s:3863   .debug_str:00000000000006ae .LASF112
C:\Users\zanil\AppData\Local\Temp\ccdAnRGh.s:3655   .debug_str:0000000000000266 .LASF113
C:\Users\zanil\AppData\Local\Temp\ccdAnRGh.s:3809   .debug_str:00000000000005ab .LASF114
C:\Users\zanil\AppData\Local\Temp\ccdAnRGh.s:3553   .debug_str:0000000000000054 .LASF115
C:\Users\zanil\AppData\Local\Temp\ccdAnRGh.s:3817   .debug_str:00000000000005d6 .LASF116
C:\Users\zanil\AppData\Local\Temp\ccdAnRGh.s:3813   .debug_str:00000000000005c4 .LASF117
C:\Users\zanil\AppData\Local\Temp\ccdAnRGh.s:3751   .debug_str:0000000000000439 .LASF118
C:\Users\zanil\AppData\Local\Temp\ccdAnRGh.s:3815   .debug_str:00000000000005cc .LASF119
C:\Users\zanil\AppData\Local\Temp\ccdAnRGh.s:3703   .debug_str:0000000000000348 .LASF120
C:\Users\zanil\AppData\Local\Temp\ccdAnRGh.s:3627   .debug_str:00000000000001ce .LASF121
C:\Users\zanil\AppData\Local\Temp\ccdAnRGh.s:3929   .debug_str:000000000000087f .LASF122
GAS LISTING C:\Users\zanil\AppData\Local\Temp\ccdAnRGh.s 			page 21


C:\Users\zanil\AppData\Local\Temp\ccdAnRGh.s:3759   .debug_str:0000000000000468 .LASF123
C:\Users\zanil\AppData\Local\Temp\ccdAnRGh.s:3675   .debug_str:00000000000002c0 .LASF124
C:\Users\zanil\AppData\Local\Temp\ccdAnRGh.s:3633   .debug_str:00000000000001f0 .LASF125
C:\Users\zanil\AppData\Local\Temp\ccdAnRGh.s:3709   .debug_str:000000000000035d .LASF126
C:\Users\zanil\AppData\Local\Temp\ccdAnRGh.s:3561   .debug_str:000000000000007e .LASF127
C:\Users\zanil\AppData\Local\Temp\ccdAnRGh.s:3907   .debug_str:000000000000080e .LASF128
C:\Users\zanil\AppData\Local\Temp\ccdAnRGh.s:3617   .debug_str:00000000000001a7 .LASF129
C:\Users\zanil\AppData\Local\Temp\ccdAnRGh.s:3611   .debug_str:000000000000018c .LASF130
C:\Users\zanil\AppData\Local\Temp\ccdAnRGh.s:3849   .debug_str:0000000000000670 .LASF131
C:\Users\zanil\AppData\Local\Temp\ccdAnRGh.s:3799   .debug_str:0000000000000573 .LASF132
C:\Users\zanil\AppData\Local\Temp\ccdAnRGh.s:3901   .debug_str:00000000000007f5 .LASF133
C:\Users\zanil\AppData\Local\Temp\ccdAnRGh.s:3691   .debug_str:0000000000000305 .LASF134
C:\Users\zanil\AppData\Local\Temp\ccdAnRGh.s:3785   .debug_str:00000000000004fd .LASF135
C:\Users\zanil\AppData\Local\Temp\ccdAnRGh.s:3823   .debug_str:00000000000005fe .LASF136
C:\Users\zanil\AppData\Local\Temp\ccdAnRGh.s:3825   .debug_str:0000000000000606 .LASF137
C:\Users\zanil\AppData\Local\Temp\ccdAnRGh.s:3715   .debug_str:0000000000000379 .LASF138
C:\Users\zanil\AppData\Local\Temp\ccdAnRGh.s:3883   .debug_str:000000000000079e .LASF139
C:\Users\zanil\AppData\Local\Temp\ccdAnRGh.s:3895   .debug_str:00000000000007dc .LASF140
C:\Users\zanil\AppData\Local\Temp\ccdAnRGh.s:3871   .debug_str:00000000000006d8 .LASF141
C:\Users\zanil\AppData\Local\Temp\ccdAnRGh.s:3701   .debug_str:000000000000033b .LASF142
C:\Users\zanil\AppData\Local\Temp\ccdAnRGh.s:3921   .debug_str:0000000000000854 .LASF143
C:\Users\zanil\AppData\Local\Temp\ccdAnRGh.s:3753   .debug_str:0000000000000444 .LASF144
C:\Users\zanil\AppData\Local\Temp\ccdAnRGh.s:3695   .debug_str:000000000000031c .LASF145
C:\Users\zanil\AppData\Local\Temp\ccdAnRGh.s:3925   .debug_str:000000000000086c .LASF146
C:\Users\zanil\AppData\Local\Temp\ccdAnRGh.s:3807   .debug_str:000000000000059e .LASF147
C:\Users\zanil\AppData\Local\Temp\ccdAnRGh.s:3927   .debug_str:0000000000000871 .LASF148
C:\Users\zanil\AppData\Local\Temp\ccdAnRGh.s:3591   .debug_str:0000000000000132 .LASF149
C:\Users\zanil\AppData\Local\Temp\ccdAnRGh.s:3905   .debug_str:0000000000000804 .LASF150
C:\Users\zanil\AppData\Local\Temp\ccdAnRGh.s:3851   .debug_str:0000000000000675 .LASF151
C:\Users\zanil\AppData\Local\Temp\ccdAnRGh.s:3887   .debug_str:00000000000007ab .LASF152
C:\Users\zanil\AppData\Local\Temp\ccdAnRGh.s:3639   .debug_str:0000000000000210 .LASF153
C:\Users\zanil\AppData\Local\Temp\ccdAnRGh.s:3589   .debug_str:0000000000000123 .LASF154
C:\Users\zanil\AppData\Local\Temp\ccdAnRGh.s:3643   .debug_str:0000000000000227 .LASF155
C:\Users\zanil\AppData\Local\Temp\ccdAnRGh.s:3565   .debug_str:000000000000008e .LASF156
C:\Users\zanil\AppData\Local\Temp\ccdAnRGh.s:3569   .debug_str:00000000000000ac .LASF157
C:\Users\zanil\AppData\Local\Temp\ccdAnRGh.s:3789   .debug_str:0000000000000548 .LASF158
C:\Users\zanil\AppData\Local\Temp\ccdAnRGh.s:3739   .debug_str:00000000000003ff .LASF159
C:\Users\zanil\AppData\Local\Temp\ccdAnRGh.s:3723   .debug_str:0000000000000396 .LASF160
C:\Users\zanil\AppData\Local\Temp\ccdAnRGh.s:3915   .debug_str:0000000000000838 .LASF161
C:\Users\zanil\AppData\Local\Temp\ccdAnRGh.s:3581   .debug_str:00000000000000fb .LASF193
C:\Users\zanil\AppData\Local\Temp\ccdAnRGh.s:3653   .debug_str:000000000000025a .LASF163
C:\Users\zanil\AppData\Local\Temp\ccdAnRGh.s:3891   .debug_str:00000000000007c0 .LASF164
C:\Users\zanil\AppData\Local\Temp\ccdAnRGh.s:3897   .debug_str:00000000000007e9 .LASF194
C:\Users\zanil\AppData\Local\Temp\ccdAnRGh.s:3659   .debug_str:0000000000000276 .LASF165
C:\Users\zanil\AppData\Local\Temp\ccdAnRGh.s:3761   .debug_str:0000000000000472 .LASF166
C:\Users\zanil\AppData\Local\Temp\ccdAnRGh.s:3693   .debug_str:000000000000030c .LASF167
C:\Users\zanil\AppData\Local\Temp\ccdAnRGh.s:3909   .debug_str:0000000000000818 .LASF168
C:\Users\zanil\AppData\Local\Temp\ccdAnRGh.s:3637   .debug_str:0000000000000200 .LASF169
C:\Users\zanil\AppData\Local\Temp\ccdAnRGh.s:3567   .debug_str:000000000000009d .LASF170
C:\Users\zanil\AppData\Local\Temp\ccdAnRGh.s:3649   .debug_str:0000000000000248 .LASF171
C:\Users\zanil\AppData\Local\Temp\ccdAnRGh.s:3783   .debug_str:00000000000004f1 .LASF172
C:\Users\zanil\AppData\Local\Temp\ccdAnRGh.s:3757   .debug_str:000000000000045a .LASF173
C:\Users\zanil\AppData\Local\Temp\ccdAnRGh.s:3879   .debug_str:0000000000000780 .LASF174
C:\Users\zanil\AppData\Local\Temp\ccdAnRGh.s:3917   .debug_str:0000000000000840 .LASF183
C:\Users\zanil\AppData\Local\Temp\ccdAnRGh.s:3857   .debug_str:0000000000000694 .LASF175
C:\Users\zanil\AppData\Local\Temp\ccdAnRGh.s:3931   .debug_str:0000000000000884 .LASF176
C:\Users\zanil\AppData\Local\Temp\ccdAnRGh.s:3841   .debug_str:0000000000000644 .LASF177
GAS LISTING C:\Users\zanil\AppData\Local\Temp\ccdAnRGh.s 			page 22


C:\Users\zanil\AppData\Local\Temp\ccdAnRGh.s:3557   .debug_str:0000000000000066 .LASF178
C:\Users\zanil\AppData\Local\Temp\ccdAnRGh.s:3729   .debug_str:00000000000003be .LASF179
C:\Users\zanil\AppData\Local\Temp\ccdAnRGh.s:3699   .debug_str:000000000000032f .LASF181
C:\Users\zanil\AppData\Local\Temp\ccdAnRGh.s:85     .text.hcsr04_tick:0000000000000000 .LFB6
C:\Users\zanil\AppData\Local\Temp\ccdAnRGh.s:477    .text.hcsr04_tick:0000000000000226 .LFE6
C:\Users\zanil\AppData\Local\Temp\ccdAnRGh.s:3366   .debug_loc:0000000000000000 .LLST1
C:\Users\zanil\AppData\Local\Temp\ccdAnRGh.s:3725   .debug_str:000000000000039f .LASF180
C:\Users\zanil\AppData\Local\Temp\ccdAnRGh.s:3389   .debug_loc:0000000000000038 .LLST2
C:\Users\zanil\AppData\Local\Temp\ccdAnRGh.s:293    .text.hcsr04_tick:0000000000000140 .LBB9
C:\Users\zanil\AppData\Local\Temp\ccdAnRGh.s:3428   .debug_loc:0000000000000083 .LLST4
C:\Users\zanil\AppData\Local\Temp\ccdAnRGh.s:354    .text.hcsr04_tick:0000000000000186 .LBB12
C:\Users\zanil\AppData\Local\Temp\ccdAnRGh.s:400    .text.hcsr04_tick:00000000000001ba .LBE12
C:\Users\zanil\AppData\Local\Temp\ccdAnRGh.s:3452   .debug_loc:00000000000000b5 .LLST5
C:\Users\zanil\AppData\Local\Temp\ccdAnRGh.s:379    .text.hcsr04_tick:00000000000001a8 .LBB13
C:\Users\zanil\AppData\Local\Temp\ccdAnRGh.s:390    .text.hcsr04_tick:00000000000001b0 .LBE13
C:\Users\zanil\AppData\Local\Temp\ccdAnRGh.s:3463   .debug_loc:00000000000000d3 .LLST6
C:\Users\zanil\AppData\Local\Temp\ccdAnRGh.s:344    .text.hcsr04_tick:0000000000000184 .LVL12
C:\Users\zanil\AppData\Local\Temp\ccdAnRGh.s:171    .text.hcsr04_tick:000000000000006c .LVL3
C:\Users\zanil\AppData\Local\Temp\ccdAnRGh.s:204    .text.hcsr04_tick:00000000000000ac .LVL4
C:\Users\zanil\AppData\Local\Temp\ccdAnRGh.s:238    .text.hcsr04_tick:00000000000000e6 .LVL5
C:\Users\zanil\AppData\Local\Temp\ccdAnRGh.s:278    .text.hcsr04_tick:0000000000000130 .LVL6
C:\Users\zanil\AppData\Local\Temp\ccdAnRGh.s:3867   .debug_str:00000000000006be .LASF195
C:\Users\zanil\AppData\Local\Temp\ccdAnRGh.s:69     .text.hcsr04_get_distance:0000000000000000 .LFB5
C:\Users\zanil\AppData\Local\Temp\ccdAnRGh.s:78     .text.hcsr04_get_distance:000000000000000a .LFE5
C:\Users\zanil\AppData\Local\Temp\ccdAnRGh.s:3733   .debug_str:00000000000003d2 .LASF182
C:\Users\zanil\AppData\Local\Temp\ccdAnRGh.s:14     .text.hcsr04_init:0000000000000000 .LFB4
C:\Users\zanil\AppData\Local\Temp\ccdAnRGh.s:62     .text.hcsr04_init:0000000000000040 .LFE4
C:\Users\zanil\AppData\Local\Temp\ccdAnRGh.s:3470   .debug_loc:00000000000000e6 .LLST0
C:\Users\zanil\AppData\Local\Temp\ccdAnRGh.s:32     .text.hcsr04_init:0000000000000012 .LVL0
C:\Users\zanil\AppData\Local\Temp\ccdAnRGh.s:40     .text.hcsr04_init:0000000000000028 .LVL1
C:\Users\zanil\AppData\Local\Temp\ccdAnRGh.s:60     .text.hcsr04_init:0000000000000040 .LVL2
C:\Users\zanil\AppData\Local\Temp\ccdAnRGh.s:3811   .debug_str:00000000000005b0 .LASF196
C:\Users\zanil\AppData\Local\Temp\ccdAnRGh.s:3861   .debug_str:00000000000006a6 .LASF197
C:\Users\zanil\AppData\Local\Temp\ccdAnRGh.s:3827   .debug_str:000000000000060c .LASF184
C:\Users\zanil\AppData\Local\Temp\ccdAnRGh.s:3707   .debug_str:0000000000000356 .LASF198
C:\Users\zanil\AppData\Local\Temp\ccdAnRGh.s:3711   .debug_str:0000000000000362 .LASF199
C:\Users\zanil\AppData\Local\Temp\ccdAnRGh.s:3551   .debug_str:0000000000000047 .LASF185
C:\Users\zanil\AppData\Local\Temp\ccdAnRGh.s:3549   .debug_str:0000000000000038 .LASF186
C:\Users\zanil\AppData\Local\Temp\ccdAnRGh.s:3801   .debug_str:000000000000057a .LASF187
C:\Users\zanil\AppData\Local\Temp\ccdAnRGh.s:3737   .debug_str:00000000000003e7 .LASF188
C:\Users\zanil\AppData\Local\Temp\ccdAnRGh.s:3935   .debug_str:000000000000089a .LASF189
C:\Users\zanil\AppData\Local\Temp\ccdAnRGh.s:91     .text.hcsr04_tick:0000000000000002 .LCFI2
C:\Users\zanil\AppData\Local\Temp\ccdAnRGh.s:160    .text.hcsr04_tick:0000000000000058 .LCFI3
C:\Users\zanil\AppData\Local\Temp\ccdAnRGh.s:164    .text.hcsr04_tick:000000000000005a .LCFI4
C:\Users\zanil\AppData\Local\Temp\ccdAnRGh.s:291    .text.hcsr04_tick:0000000000000140 .LVL7
C:\Users\zanil\AppData\Local\Temp\ccdAnRGh.s:309    .text.hcsr04_tick:000000000000014c .LVL8
C:\Users\zanil\AppData\Local\Temp\ccdAnRGh.s:313    .text.hcsr04_tick:0000000000000154 .LVL9
C:\Users\zanil\AppData\Local\Temp\ccdAnRGh.s:332    .text.hcsr04_tick:0000000000000170 .LVL10
C:\Users\zanil\AppData\Local\Temp\ccdAnRGh.s:336    .text.hcsr04_tick:0000000000000176 .LVL11
C:\Users\zanil\AppData\Local\Temp\ccdAnRGh.s:351    .text.hcsr04_tick:0000000000000186 .LVL13
C:\Users\zanil\AppData\Local\Temp\ccdAnRGh.s:397    .text.hcsr04_tick:00000000000001b8 .LVL19
C:\Users\zanil\AppData\Local\Temp\ccdAnRGh.s:399    .text.hcsr04_tick:00000000000001ba .LVL20
C:\Users\zanil\AppData\Local\Temp\ccdAnRGh.s:358    .text.hcsr04_tick:000000000000018a .LVL14
C:\Users\zanil\AppData\Local\Temp\ccdAnRGh.s:366    .text.hcsr04_tick:0000000000000192 .LVL15
C:\Users\zanil\AppData\Local\Temp\ccdAnRGh.s:393    .text.hcsr04_tick:00000000000001b4 .LVL18
C:\Users\zanil\AppData\Local\Temp\ccdAnRGh.s:405    .text.hcsr04_tick:00000000000001bc .LVL21
C:\Users\zanil\AppData\Local\Temp\ccdAnRGh.s:381    .text.hcsr04_tick:00000000000001a8 .LVL16
GAS LISTING C:\Users\zanil\AppData\Local\Temp\ccdAnRGh.s 			page 23


C:\Users\zanil\AppData\Local\Temp\ccdAnRGh.s:388    .text.hcsr04_tick:00000000000001b0 .LVL17
C:\Users\zanil\AppData\Local\Temp\ccdAnRGh.s:21     .text.hcsr04_init:0000000000000002 .LCFI0
C:\Users\zanil\AppData\Local\Temp\ccdAnRGh.s:56     .text.hcsr04_init:0000000000000038 .LCFI1
C:\Users\zanil\AppData\Local\Temp\ccdAnRGh.s:541    .debug_info:0000000000000000 .Ldebug_info0
C:\Users\zanil\AppData\Local\Temp\ccdAnRGh.s:279    .text.hcsr04_tick:0000000000000130 .LBB8
C:\Users\zanil\AppData\Local\Temp\ccdAnRGh.s:285    .text.hcsr04_tick:000000000000013e .LBE8
C:\Users\zanil\AppData\Local\Temp\ccdAnRGh.s:288    .text.hcsr04_tick:0000000000000140 .LBB19
C:\Users\zanil\AppData\Local\Temp\ccdAnRGh.s:420    .text.hcsr04_tick:00000000000001d2 .LBE19
C:\Users\zanil\AppData\Local\Temp\ccdAnRGh.s:297    .text.hcsr04_tick:0000000000000140 .LBE9
C:\Users\zanil\AppData\Local\Temp\ccdAnRGh.s:300    .text.hcsr04_tick:0000000000000142 .LBB17
C:\Users\zanil\AppData\Local\Temp\ccdAnRGh.s:306    .text.hcsr04_tick:000000000000014a .LBE17
C:\Users\zanil\AppData\Local\Temp\ccdAnRGh.s:314    .text.hcsr04_tick:0000000000000154 .LBB18
C:\Users\zanil\AppData\Local\Temp\ccdAnRGh.s:407    .text.hcsr04_tick:00000000000001bc .LBE18
C:\Users\zanil\AppData\Local\Temp\ccdAnRGh.s:346    .text.hcsr04_tick:0000000000000184 .LBB11
C:\Users\zanil\AppData\Local\Temp\ccdAnRGh.s:348    .text.hcsr04_tick:0000000000000184 .LBE11
C:\Users\zanil\AppData\Local\Temp\ccdAnRGh.s:353    .text.hcsr04_tick:0000000000000186 .LBB14
C:\Users\zanil\AppData\Local\Temp\ccdAnRGh.s:403    .text.hcsr04_tick:00000000000001bc .LBE14

UNDEFINED SYMBOLS
rcu_periph_clock_enable
gpio_init
gpio_bit_set
gpio_bit_reset
gpio_input_bit_get
memcpy
